[0.664s] DEBUG:colcon:Command line arguments: ['/usr/bin/colcon', 'build', '--symlink-install']
[0.665s] DEBUG:colcon:Parsed command line arguments: Namespace(log_base=None, log_level=None, verb_name='build', build_base='build', install_base='install', merge_install=False, symlink_install=True, test_result_base=None, continue_on_error=False, executor='parallel', parallel_workers=4, event_handlers=None, ignore_user_meta=False, metas=['./colcon.meta'], base_paths=['.'], packages_ignore=None, packages_ignore_regex=None, paths=None, packages_up_to=None, packages_up_to_regex=None, packages_above=None, packages_above_and_dependencies=None, packages_above_depth=None, packages_select_by_dep=None, packages_skip_by_dep=None, packages_skip_up_to=None, packages_select_build_failed=False, packages_skip_build_finished=False, packages_select_test_failures=False, packages_skip_test_passed=False, packages_select=None, packages_skip=None, packages_select_regex=None, packages_skip_regex=None, packages_start=None, packages_end=None, allow_overriding=[], cmake_args=None, cmake_target=None, cmake_target_skip_unavailable=False, cmake_clean_cache=False, cmake_clean_first=False, cmake_force_configure=False, ament_cmake_args=None, catkin_cmake_args=None, catkin_skip_building_tests=False, mixin_files=None, mixin=None, verb_parser=<colcon_mixin.mixin.mixin_argument.MixinArgumentDecorator object at 0x7d2c6a366110>, verb_extension=<colcon_core.verb.build.BuildVerb object at 0x7d2c6a365c00>, main=<bound method BuildVerb.main of <colcon_core.verb.build.BuildVerb object at 0x7d2c6a365c00>>, mixin_verb=('build',))
[1.677s] Level 1:colcon.colcon_core.package_discovery:discover_packages(colcon_meta) check parameters
[1.678s] Level 1:colcon.colcon_core.package_discovery:discover_packages(recursive) check parameters
[1.678s] Level 1:colcon.colcon_core.package_discovery:discover_packages(ignore) check parameters
[1.678s] Level 1:colcon.colcon_core.package_discovery:discover_packages(path) check parameters
[1.678s] Level 1:colcon.colcon_core.package_discovery:discover_packages(colcon_meta) discover
[1.678s] Level 1:colcon.colcon_core.package_discovery:discover_packages(recursive) discover
[1.678s] INFO:colcon.colcon_core.package_discovery:Crawling recursively for packages in '/home/ghislain/TP_work'
[1.678s] Level 1:colcon.colcon_core.package_identification:_identify(.) by extensions ['ignore', 'ignore_ament_install']
[1.678s] Level 1:colcon.colcon_core.package_identification:_identify(.) by extension 'ignore'
[1.679s] Level 1:colcon.colcon_core.package_identification:_identify(.) by extension 'ignore_ament_install'
[1.679s] Level 1:colcon.colcon_core.package_identification:_identify(.) by extensions ['colcon_pkg']
[1.679s] Level 1:colcon.colcon_core.package_identification:_identify(.) by extension 'colcon_pkg'
[1.679s] Level 1:colcon.colcon_core.package_identification:_identify(.) by extensions ['colcon_meta']
[1.679s] Level 1:colcon.colcon_core.package_identification:_identify(.) by extension 'colcon_meta'
[1.679s] Level 1:colcon.colcon_core.package_identification:_identify(.) by extensions ['ros']
[1.679s] Level 1:colcon.colcon_core.package_identification:_identify(.) by extension 'ros'
[1.780s] DEBUG:colcon.colcon_core.package_identification:Package '.' with type 'ros.ament_cmake' and name 'first_robot'
[1.780s] Level 1:colcon.colcon_core.package_discovery:discover_packages(recursive) using defaults
[1.780s] Level 1:colcon.colcon_core.package_discovery:discover_packages(ignore) discover
[1.780s] Level 1:colcon.colcon_core.package_discovery:discover_packages(ignore) using defaults
[1.780s] Level 1:colcon.colcon_core.package_discovery:discover_packages(path) discover
[1.781s] Level 1:colcon.colcon_core.package_discovery:discover_packages(path) using defaults
[1.933s] Level 1:colcon.colcon_core.package_discovery:discover_packages(prefix_path) check parameters
[1.934s] Level 1:colcon.colcon_core.package_discovery:discover_packages(prefix_path) discover
[1.968s] DEBUG:colcon.colcon_installed_package_information.package_discovery:Found 314 installed packages in /opt/ros/humble
[1.973s] Level 1:colcon.colcon_core.package_discovery:discover_packages(prefix_path) using defaults
[2.162s] Level 5:colcon.colcon_core.verb:set package 'first_robot' build argument 'cmake_args' from command line to 'None'
[2.163s] Level 5:colcon.colcon_core.verb:set package 'first_robot' build argument 'cmake_target' from command line to 'None'
[2.163s] Level 5:colcon.colcon_core.verb:set package 'first_robot' build argument 'cmake_target_skip_unavailable' from command line to 'False'
[2.163s] Level 5:colcon.colcon_core.verb:set package 'first_robot' build argument 'cmake_clean_cache' from command line to 'False'
[2.163s] Level 5:colcon.colcon_core.verb:set package 'first_robot' build argument 'cmake_clean_first' from command line to 'False'
[2.163s] Level 5:colcon.colcon_core.verb:set package 'first_robot' build argument 'cmake_force_configure' from command line to 'False'
[2.163s] Level 5:colcon.colcon_core.verb:set package 'first_robot' build argument 'ament_cmake_args' from command line to 'None'
[2.163s] Level 5:colcon.colcon_core.verb:set package 'first_robot' build argument 'catkin_cmake_args' from command line to 'None'
[2.163s] Level 5:colcon.colcon_core.verb:set package 'first_robot' build argument 'catkin_skip_building_tests' from command line to 'False'
[2.163s] DEBUG:colcon.colcon_core.verb:Building package 'first_robot' with the following arguments: {'ament_cmake_args': None, 'build_base': '/home/ghislain/TP_work/build/first_robot', 'catkin_cmake_args': None, 'catkin_skip_building_tests': False, 'cmake_args': None, 'cmake_clean_cache': False, 'cmake_clean_first': False, 'cmake_force_configure': False, 'cmake_target': None, 'cmake_target_skip_unavailable': False, 'install_base': '/home/ghislain/TP_work/install/first_robot', 'merge_install': False, 'path': '/home/ghislain/TP_work', 'symlink_install': True, 'test_result_base': None}
[2.164s] INFO:colcon.colcon_core.executor:Executing jobs using 'parallel' executor
[2.167s] DEBUG:colcon.colcon_parallel_executor.executor.parallel:run_until_complete
[2.168s] INFO:colcon.colcon_ros.task.ament_cmake.build:Building ROS package in '/home/ghislain/TP_work' with build type 'ament_cmake'
[2.170s] INFO:colcon.colcon_cmake.task.cmake.build:Building CMake package in '/home/ghislain/TP_work'
[2.190s] INFO:colcon.colcon_core.plugin_system:Skipping extension 'colcon_core.shell.bat': Not used on non-Windows systems
[2.190s] INFO:colcon.colcon_core.shell:Skip shell extension 'powershell' for command environment: Not usable outside of PowerShell
[2.191s] DEBUG:colcon.colcon_core.shell:Skip shell extension 'dsv' for command environment
[2.312s] DEBUG:colcon.colcon_core.event_handler.log_command:Invoking command in '/home/ghislain/TP_work/build/first_robot': CMAKE_PREFIX_PATH=/opt/ros/humble /usr/bin/cmake /home/ghislain/TP_work -DAMENT_CMAKE_SYMLINK_INSTALL=1 -DCMAKE_INSTALL_PREFIX=/home/ghislain/TP_work/install/first_robot
[4.989s] DEBUG:colcon.colcon_core.event_handler.log_command:Invoked command in '/home/ghislain/TP_work/build/first_robot' returned '0': CMAKE_PREFIX_PATH=/opt/ros/humble /usr/bin/cmake /home/ghislain/TP_work -DAMENT_CMAKE_SYMLINK_INSTALL=1 -DCMAKE_INSTALL_PREFIX=/home/ghislain/TP_work/install/first_robot
[4.993s] DEBUG:colcon.colcon_core.event_handler.log_command:Invoking command in '/home/ghislain/TP_work/build/first_robot': CMAKE_PREFIX_PATH=/opt/ros/humble /usr/bin/cmake --build /home/ghislain/TP_work/build/first_robot -- -j4 -l4
[5.137s] DEBUG:colcon.colcon_core.event_handler.log_command:Invoked command in '/home/ghislain/TP_work/build/first_robot' returned '0': CMAKE_PREFIX_PATH=/opt/ros/humble /usr/bin/cmake --build /home/ghislain/TP_work/build/first_robot -- -j4 -l4
[5.170s] DEBUG:colcon.colcon_core.event_handler.log_command:Invoking command in '/home/ghislain/TP_work/build/first_robot': CMAKE_PREFIX_PATH=/opt/ros/humble /usr/bin/cmake --install /home/ghislain/TP_work/build/first_robot
[5.987s] Level 1:colcon.colcon_core.environment:create_environment_scripts_only(first_robot)
[5.991s] DEBUG:colcon.colcon_core.event_handler.log_command:Invoked command in '/home/ghislain/TP_work/build/first_robot' returned '0': CMAKE_PREFIX_PATH=/opt/ros/humble /usr/bin/cmake --install /home/ghislain/TP_work/build/first_robot
[6.036s] Level 1:colcon.colcon_core.environment:checking '/home/ghislain/TP_work/install/first_robot' for CMake module files
[6.038s] Level 1:colcon.colcon_core.environment:checking '/home/ghislain/TP_work/install/first_robot' for CMake config files
[6.039s] Level 1:colcon.colcon_core.shell:create_environment_hook('first_robot', 'cmake_prefix_path')
[6.040s] INFO:colcon.colcon_core.shell:Creating environment hook '/home/ghislain/TP_work/install/first_robot/share/first_robot/hook/cmake_prefix_path.ps1'
[6.052s] INFO:colcon.colcon_core.shell:Creating environment descriptor '/home/ghislain/TP_work/install/first_robot/share/first_robot/hook/cmake_prefix_path.dsv'
[6.071s] INFO:colcon.colcon_core.shell:Creating environment hook '/home/ghislain/TP_work/install/first_robot/share/first_robot/hook/cmake_prefix_path.sh'
[6.074s] Level 1:colcon.colcon_core.environment:checking '/home/ghislain/TP_work/install/first_robot/bin'
[6.074s] Level 1:colcon.colcon_core.environment:checking '/home/ghislain/TP_work/install/first_robot/lib/pkgconfig/first_robot.pc'
[6.075s] Level 1:colcon.colcon_core.environment:checking '/home/ghislain/TP_work/install/first_robot/lib/python3.10/site-packages'
[6.076s] Level 1:colcon.colcon_core.environment:checking '/home/ghislain/TP_work/install/first_robot/bin'
[6.081s] INFO:colcon.colcon_core.shell:Creating package script '/home/ghislain/TP_work/install/first_robot/share/first_robot/package.ps1'
[6.085s] INFO:colcon.colcon_core.shell:Creating package descriptor '/home/ghislain/TP_work/install/first_robot/share/first_robot/package.dsv'
[6.094s] INFO:colcon.colcon_core.shell:Creating package script '/home/ghislain/TP_work/install/first_robot/share/first_robot/package.sh'
[6.097s] INFO:colcon.colcon_core.shell:Creating package script '/home/ghislain/TP_work/install/first_robot/share/first_robot/package.bash'
[6.109s] INFO:colcon.colcon_core.shell:Creating package script '/home/ghislain/TP_work/install/first_robot/share/first_robot/package.zsh'
[6.112s] Level 1:colcon.colcon_core.environment:create_file_with_runtime_dependencies(/home/ghislain/TP_work/install/first_robot/share/colcon-core/packages/first_robot)
[6.113s] Level 1:colcon.colcon_core.environment:create_environment_scripts_only(first_robot)
[6.115s] Level 1:colcon.colcon_core.environment:checking '/home/ghislain/TP_work/install/first_robot' for CMake module files
[6.116s] Level 1:colcon.colcon_core.environment:checking '/home/ghislain/TP_work/install/first_robot' for CMake config files
[6.117s] Level 1:colcon.colcon_core.shell:create_environment_hook('first_robot', 'cmake_prefix_path')
[6.117s] INFO:colcon.colcon_core.shell:Creating environment hook '/home/ghislain/TP_work/install/first_robot/share/first_robot/hook/cmake_prefix_path.ps1'
[6.120s] INFO:colcon.colcon_core.shell:Creating environment descriptor '/home/ghislain/TP_work/install/first_robot/share/first_robot/hook/cmake_prefix_path.dsv'
[6.121s] INFO:colcon.colcon_core.shell:Creating environment hook '/home/ghislain/TP_work/install/first_robot/share/first_robot/hook/cmake_prefix_path.sh'
[6.123s] Level 1:colcon.colcon_core.environment:checking '/home/ghislain/TP_work/install/first_robot/bin'
[6.123s] Level 1:colcon.colcon_core.environment:checking '/home/ghislain/TP_work/install/first_robot/lib/pkgconfig/first_robot.pc'
[6.126s] Level 1:colcon.colcon_core.environment:checking '/home/ghislain/TP_work/install/first_robot/lib/python3.10/site-packages'
[6.127s] Level 1:colcon.colcon_core.environment:checking '/home/ghislain/TP_work/install/first_robot/bin'
[6.129s] INFO:colcon.colcon_core.shell:Creating package script '/home/ghislain/TP_work/install/first_robot/share/first_robot/package.ps1'
[6.134s] INFO:colcon.colcon_core.shell:Creating package descriptor '/home/ghislain/TP_work/install/first_robot/share/first_robot/package.dsv'
[6.139s] INFO:colcon.colcon_core.shell:Creating package script '/home/ghislain/TP_work/install/first_robot/share/first_robot/package.sh'
[6.142s] INFO:colcon.colcon_core.shell:Creating package script '/home/ghislain/TP_work/install/first_robot/share/first_robot/package.bash'
[6.146s] INFO:colcon.colcon_core.shell:Creating package script '/home/ghislain/TP_work/install/first_robot/share/first_robot/package.zsh'
[6.149s] Level 1:colcon.colcon_core.environment:create_file_with_runtime_dependencies(/home/ghislain/TP_work/install/first_robot/share/colcon-core/packages/first_robot)
[6.150s] DEBUG:colcon.colcon_parallel_executor.executor.parallel:closing loop
[6.151s] DEBUG:colcon.colcon_parallel_executor.executor.parallel:loop closed
[6.151s] DEBUG:colcon.colcon_parallel_executor.executor.parallel:run_until_complete finished with '0'
[6.151s] DEBUG:colcon.colcon_core.event_reactor:joining thread
[6.200s] INFO:colcon.colcon_core.plugin_system:Skipping extension 'colcon_notification.desktop_notification.terminal_notifier': Not used on non-Darwin systems
[6.200s] INFO:colcon.colcon_core.plugin_system:Skipping extension 'colcon_notification.desktop_notification.win32': Not used on non-Windows systems
[6.200s] INFO:colcon.colcon_notification.desktop_notification:Sending desktop notification using 'notify2'
[6.317s] DEBUG:colcon.colcon_core.event_reactor:joined thread
[6.319s] INFO:colcon.colcon_core.shell:Creating prefix script '/home/ghislain/TP_work/install/local_setup.ps1'
[6.329s] INFO:colcon.colcon_core.shell:Creating prefix util module '/home/ghislain/TP_work/install/_local_setup_util_ps1.py'
[6.334s] INFO:colcon.colcon_core.shell:Creating prefix chain script '/home/ghislain/TP_work/install/setup.ps1'
[6.338s] INFO:colcon.colcon_core.shell:Creating prefix script '/home/ghislain/TP_work/install/local_setup.sh'
[6.340s] INFO:colcon.colcon_core.shell:Creating prefix util module '/home/ghislain/TP_work/install/_local_setup_util_sh.py'
[6.344s] INFO:colcon.colcon_core.shell:Creating prefix chain script '/home/ghislain/TP_work/install/setup.sh'
[6.350s] INFO:colcon.colcon_core.shell:Creating prefix script '/home/ghislain/TP_work/install/local_setup.bash'
[6.355s] INFO:colcon.colcon_core.shell:Creating prefix chain script '/home/ghislain/TP_work/install/setup.bash'
[6.358s] INFO:colcon.colcon_core.shell:Creating prefix script '/home/ghislain/TP_work/install/local_setup.zsh'
[6.362s] INFO:colcon.colcon_core.shell:Creating prefix chain script '/home/ghislain/TP_work/install/setup.zsh'
