[0.035s] Invoking command in '/home/ghislain/TP_work/build/first_robot': CMAKE_PREFIX_PATH=${CMAKE_PREFIX_PATH}:/opt/ros/humble /usr/bin/cmake /home/ghislain/TP_work -DCMAKE_INSTALL_PREFIX=/home/ghislain/TP_work/install/first_robot
[0.061s] -- Found ament_cmake: 1.3.12 (/opt/ros/humble/share/ament_cmake/cmake)
[0.209s] -- Override CMake install command with custom implementation using symlinks instead of copying resources
[0.218s] -- Found ament_lint_auto: 0.12.14 (/opt/ros/humble/share/ament_lint_auto/cmake)
[0.520s] -- Added test 'cppcheck' to perform static code analysis on C / C++ code
[0.521s] -- Configured cppcheck include dirs: 
[0.521s] -- Configured cppcheck exclude dirs and/or files: 
[0.547s] -- Added test 'flake8' to check Python code syntax and style conventions
[0.592s] -- Added test 'lint_cmake' to check CMake code style
[0.616s] -- Added test 'pep257' to check Python code against some of the docstring style conventions in PEP 257
[0.807s] -- Added test 'uncrustify' to check C / C++ code style
[0.807s] -- Configured uncrustify additional arguments: 
[0.833s] -- Added test 'xmllint' to check XML markup files
[0.834s] -- Configuring done
[0.871s] -- Generating done
[0.873s] -- Build files have been written to: /home/ghislain/TP_work/build/first_robot
[0.876s] Invoked command in '/home/ghislain/TP_work/build/first_robot' returned '0': CMAKE_PREFIX_PATH=${CMAKE_PREFIX_PATH}:/opt/ros/humble /usr/bin/cmake /home/ghislain/TP_work -DCMAKE_INSTALL_PREFIX=/home/ghislain/TP_work/install/first_robot
[0.878s] Invoking command in '/home/ghislain/TP_work/build/first_robot': CMAKE_PREFIX_PATH=${CMAKE_PREFIX_PATH}:/opt/ros/humble /usr/bin/cmake --build /home/ghislain/TP_work/build/first_robot -- -j4 -l4
[0.936s] Invoked command in '/home/ghislain/TP_work/build/first_robot' returned '0': CMAKE_PREFIX_PATH=${CMAKE_PREFIX_PATH}:/opt/ros/humble /usr/bin/cmake --build /home/ghislain/TP_work/build/first_robot -- -j4 -l4
[0.948s] Invoking command in '/home/ghislain/TP_work/build/first_robot': CMAKE_PREFIX_PATH=${CMAKE_PREFIX_PATH}:/opt/ros/humble /usr/bin/cmake --install /home/ghislain/TP_work/build/first_robot
[0.957s] -- Install configuration: ""
[0.957s] -- Execute custom install script
[0.958s] -- Up-to-date symlink: /home/ghislain/TP_work/install/first_robot/share/first_robot//launch/launch/launch.py
[0.958s] -- Up-to-date symlink: /home/ghislain/TP_work/install/first_robot/share/first_robot//config/bridge.yaml
[0.958s] -- Up-to-date symlink: /home/ghislain/TP_work/install/first_robot/share/first_robot//description/Gazebo_control.xacro
[0.958s] -- Up-to-date symlink: /home/ghislain/TP_work/install/first_robot/share/first_robot//description/Inertial.xacro
[0.959s] -- Up-to-date symlink: /home/ghislain/TP_work/install/first_robot/share/first_robot//description/building_robot.xacro
[0.959s] -- Up-to-date symlink: /home/ghislain/TP_work/install/first_robot/share/first_robot//description/camera.xacro
[0.959s] -- Up-to-date symlink: /home/ghislain/TP_work/install/first_robot/share/first_robot//description/gps.xacro
[0.959s] -- Up-to-date symlink: /home/ghislain/TP_work/install/first_robot/share/first_robot//description/lidar.xacro
[0.959s] -- Up-to-date symlink: /home/ghislain/TP_work/install/first_robot/share/first_robot//description/robot.urdf.xacro
[0.959s] -- Up-to-date symlink: /home/ghislain/TP_work/install/first_robot/share/first_robot//worlds/World.world
[0.960s] -- Up-to-date symlink: /home/ghislain/TP_work/install/first_robot/share/ament_index/resource_index/package_run_dependencies/first_robot
[0.960s] -- Up-to-date symlink: /home/ghislain/TP_work/install/first_robot/share/ament_index/resource_index/parent_prefix_path/first_robot
[0.960s] -- Up-to-date symlink: /home/ghislain/TP_work/install/first_robot/share/first_robot/environment/ament_prefix_path.sh
[0.960s] -- Up-to-date symlink: /home/ghislain/TP_work/install/first_robot/share/first_robot/environment/ament_prefix_path.dsv
[0.961s] -- Up-to-date symlink: /home/ghislain/TP_work/install/first_robot/share/first_robot/environment/path.sh
[0.961s] -- Up-to-date symlink: /home/ghislain/TP_work/install/first_robot/share/first_robot/environment/path.dsv
[0.961s] -- Up-to-date symlink: /home/ghislain/TP_work/install/first_robot/share/first_robot/local_setup.bash
[0.962s] -- Up-to-date symlink: /home/ghislain/TP_work/install/first_robot/share/first_robot/local_setup.sh
[0.962s] -- Up-to-date symlink: /home/ghislain/TP_work/install/first_robot/share/first_robot/local_setup.zsh
[0.962s] -- Up-to-date symlink: /home/ghislain/TP_work/install/first_robot/share/first_robot/local_setup.dsv
[0.962s] -- Symlinking: /home/ghislain/TP_work/install/first_robot/share/first_robot/package.dsv
[0.972s] -- Up-to-date symlink: /home/ghislain/TP_work/install/first_robot/share/ament_index/resource_index/packages/first_robot
[0.972s] -- Up-to-date symlink: /home/ghislain/TP_work/install/first_robot/share/first_robot/cmake/first_robotConfig.cmake
[0.972s] -- Up-to-date symlink: /home/ghislain/TP_work/install/first_robot/share/first_robot/cmake/first_robotConfig-version.cmake
[0.972s] -- Up-to-date symlink: /home/ghislain/TP_work/install/first_robot/share/first_robot/package.xml
[0.975s] Invoked command in '/home/ghislain/TP_work/build/first_robot' returned '0': CMAKE_PREFIX_PATH=${CMAKE_PREFIX_PATH}:/opt/ros/humble /usr/bin/cmake --install /home/ghislain/TP_work/build/first_robot
