[0.016s] Invoking command in '/home/ghislain/TP_work/build/first_robot': CMAKE_PREFIX_PATH=${CMAKE_PREFIX_PATH}:/opt/ros/humble /usr/bin/cmake --build /home/ghislain/TP_work/build/first_robot -- -j4 -l4
[0.057s] Invoked command in '/home/ghislain/TP_work/build/first_robot' returned '0': CMAKE_PREFIX_PATH=${CMAKE_PREFIX_PATH}:/opt/ros/humble /usr/bin/cmake --build /home/ghislain/TP_work/build/first_robot -- -j4 -l4
[0.070s] Invoking command in '/home/ghislain/TP_work/build/first_robot': CMAKE_PREFIX_PATH=${CMAKE_PREFIX_PATH}:/opt/ros/humble /usr/bin/cmake --install /home/ghislain/TP_work/build/first_robot
[0.078s] -- Install configuration: ""
[0.078s] -- Execute custom install script
[0.079s] -- Up-to-date symlink: /home/ghislain/TP_work/install/first_robot/share/first_robot//launch/launch/launch.py
[0.079s] -- Up-to-date symlink: /home/ghislain/TP_work/install/first_robot/share/first_robot//config/bridge.yaml
[0.080s] -- Up-to-date symlink: /home/ghislain/TP_work/install/first_robot/share/first_robot//description/Gazebo_control.xacro
[0.080s] -- Up-to-date symlink: /home/ghislain/TP_work/install/first_robot/share/first_robot//description/Inertial.xacro
[0.080s] -- Up-to-date symlink: /home/ghislain/TP_work/install/first_robot/share/first_robot//description/building_robot.xacro
[0.081s] -- Up-to-date symlink: /home/ghislain/TP_work/install/first_robot/share/first_robot//description/camera.xacro
[0.081s] -- Up-to-date symlink: /home/ghislain/TP_work/install/first_robot/share/first_robot//description/gps.xacro
[0.081s] -- Up-to-date symlink: /home/ghislain/TP_work/install/first_robot/share/first_robot//description/lidar.xacro
[0.081s] -- Up-to-date symlink: /home/ghislain/TP_work/install/first_robot/share/first_robot//description/robot.urdf.xacro
[0.081s] -- Up-to-date symlink: /home/ghislain/TP_work/install/first_robot/share/first_robot//worlds/World.world
[0.082s] -- Up-to-date symlink: /home/ghislain/TP_work/install/first_robot/share/ament_index/resource_index/package_run_dependencies/first_robot
[0.082s] -- Up-to-date symlink: /home/ghislain/TP_work/install/first_robot/share/ament_index/resource_index/parent_prefix_path/first_robot
[0.082s] -- Up-to-date symlink: /home/ghislain/TP_work/install/first_robot/share/first_robot/environment/ament_prefix_path.sh
[0.083s] -- Up-to-date symlink: /home/ghislain/TP_work/install/first_robot/share/first_robot/environment/ament_prefix_path.dsv
[0.083s] -- Up-to-date symlink: /home/ghislain/TP_work/install/first_robot/share/first_robot/environment/path.sh
[0.083s] -- Up-to-date symlink: /home/ghislain/TP_work/install/first_robot/share/first_robot/environment/path.dsv
[0.083s] -- Up-to-date symlink: /home/ghislain/TP_work/install/first_robot/share/first_robot/local_setup.bash
[0.083s] -- Up-to-date symlink: /home/ghislain/TP_work/install/first_robot/share/first_robot/local_setup.sh
[0.084s] -- Up-to-date symlink: /home/ghislain/TP_work/install/first_robot/share/first_robot/local_setup.zsh
[0.084s] -- Up-to-date symlink: /home/ghislain/TP_work/install/first_robot/share/first_robot/local_setup.dsv
[0.084s] -- Symlinking: /home/ghislain/TP_work/install/first_robot/share/first_robot/package.dsv
[0.097s] -- Up-to-date symlink: /home/ghislain/TP_work/install/first_robot/share/ament_index/resource_index/packages/first_robot
[0.097s] -- Up-to-date symlink: /home/ghislain/TP_work/install/first_robot/share/first_robot/cmake/first_robotConfig.cmake
[0.097s] -- Up-to-date symlink: /home/ghislain/TP_work/install/first_robot/share/first_robot/cmake/first_robotConfig-version.cmake
[0.098s] -- Up-to-date symlink: /home/ghislain/TP_work/install/first_robot/share/first_robot/package.xml
[0.101s] Invoked command in '/home/ghislain/TP_work/build/first_robot' returned '0': CMAKE_PREFIX_PATH=${CMAKE_PREFIX_PATH}:/opt/ros/humble /usr/bin/cmake --install /home/ghislain/TP_work/build/first_robot
