[1.109s] DEBUG:colcon:Command line arguments: ['/usr/bin/colcon', 'build']
[1.110s] DEBUG:colcon:Parsed command line arguments: Namespace(log_base=None, log_level=None, verb_name='build', build_base='build', install_base='install', merge_install=False, symlink_install=False, test_result_base=None, continue_on_error=False, executor='parallel', parallel_workers=4, event_handlers=None, ignore_user_meta=False, metas=['./colcon.meta'], base_paths=['.'], packages_ignore=None, packages_ignore_regex=None, paths=None, packages_up_to=None, packages_up_to_regex=None, packages_above=None, packages_above_and_dependencies=None, packages_above_depth=None, packages_select_by_dep=None, packages_skip_by_dep=None, packages_skip_up_to=None, packages_select_build_failed=False, packages_skip_build_finished=False, packages_select_test_failures=False, packages_skip_test_passed=False, packages_select=None, packages_skip=None, packages_select_regex=None, packages_skip_regex=None, packages_start=None, packages_end=None, allow_overriding=[], cmake_args=None, cmake_target=None, cmake_target_skip_unavailable=False, cmake_clean_cache=False, cmake_clean_first=False, cmake_force_configure=False, ament_cmake_args=None, catkin_cmake_args=None, catkin_skip_building_tests=False, mixin_files=None, mixin=None, verb_parser=<colcon_mixin.mixin.mixin_argument.MixinArgumentDecorator object at 0x782dc80560e0>, verb_extension=<colcon_core.verb.build.BuildVerb object at 0x782dc8055bd0>, main=<bound method BuildVerb.main of <colcon_core.verb.build.BuildVerb object at 0x782dc8055bd0>>, mixin_verb=('build',))
[3.145s] Level 1:colcon.colcon_core.package_discovery:discover_packages(colcon_meta) check parameters
[3.145s] Level 1:colcon.colcon_core.package_discovery:discover_packages(recursive) check parameters
[3.145s] Level 1:colcon.colcon_core.package_discovery:discover_packages(ignore) check parameters
[3.145s] Level 1:colcon.colcon_core.package_discovery:discover_packages(path) check parameters
[3.145s] Level 1:colcon.colcon_core.package_discovery:discover_packages(colcon_meta) discover
[3.145s] Level 1:colcon.colcon_core.package_discovery:discover_packages(recursive) discover
[3.145s] INFO:colcon.colcon_core.package_discovery:Crawling recursively for packages in '/home/ghislain/TP_work'
[3.146s] Level 1:colcon.colcon_core.package_identification:_identify(.) by extensions ['ignore', 'ignore_ament_install']
[3.146s] Level 1:colcon.colcon_core.package_identification:_identify(.) by extension 'ignore'
[3.146s] Level 1:colcon.colcon_core.package_identification:_identify(.) by extension 'ignore_ament_install'
[3.146s] Level 1:colcon.colcon_core.package_identification:_identify(.) by extensions ['colcon_pkg']
[3.146s] Level 1:colcon.colcon_core.package_identification:_identify(.) by extension 'colcon_pkg'
[3.146s] Level 1:colcon.colcon_core.package_identification:_identify(.) by extensions ['colcon_meta']
[3.146s] Level 1:colcon.colcon_core.package_identification:_identify(.) by extension 'colcon_meta'
[3.146s] Level 1:colcon.colcon_core.package_identification:_identify(.) by extensions ['ros']
[3.146s] Level 1:colcon.colcon_core.package_identification:_identify(.) by extension 'ros'
[3.176s] DEBUG:colcon.colcon_core.package_identification:Package '.' with type 'ros.ament_cmake' and name 'first_robot'
[3.176s] Level 1:colcon.colcon_core.package_discovery:discover_packages(recursive) using defaults
[3.176s] Level 1:colcon.colcon_core.package_discovery:discover_packages(ignore) discover
[3.176s] Level 1:colcon.colcon_core.package_discovery:discover_packages(ignore) using defaults
[3.176s] Level 1:colcon.colcon_core.package_discovery:discover_packages(path) discover
[3.176s] Level 1:colcon.colcon_core.package_discovery:discover_packages(path) using defaults
[3.252s] Level 1:colcon.colcon_core.package_discovery:discover_packages(prefix_path) check parameters
[3.252s] Level 1:colcon.colcon_core.package_discovery:discover_packages(prefix_path) discover
[3.254s] DEBUG:colcon.colcon_installed_package_information.package_discovery:Found 1 installed packages in /home/ghislain/TP_work/install
[3.255s] DEBUG:colcon.colcon_installed_package_information.package_discovery:Found 312 installed packages in /opt/ros/humble
[3.257s] Level 1:colcon.colcon_core.package_discovery:discover_packages(prefix_path) using defaults
[3.308s] Level 5:colcon.colcon_core.verb:set package 'first_robot' build argument 'cmake_args' from command line to 'None'
[3.308s] Level 5:colcon.colcon_core.verb:set package 'first_robot' build argument 'cmake_target' from command line to 'None'
[3.308s] Level 5:colcon.colcon_core.verb:set package 'first_robot' build argument 'cmake_target_skip_unavailable' from command line to 'False'
[3.309s] Level 5:colcon.colcon_core.verb:set package 'first_robot' build argument 'cmake_clean_cache' from command line to 'False'
[3.309s] Level 5:colcon.colcon_core.verb:set package 'first_robot' build argument 'cmake_clean_first' from command line to 'False'
[3.309s] Level 5:colcon.colcon_core.verb:set package 'first_robot' build argument 'cmake_force_configure' from command line to 'False'
[3.309s] Level 5:colcon.colcon_core.verb:set package 'first_robot' build argument 'ament_cmake_args' from command line to 'None'
[3.309s] Level 5:colcon.colcon_core.verb:set package 'first_robot' build argument 'catkin_cmake_args' from command line to 'None'
[3.309s] Level 5:colcon.colcon_core.verb:set package 'first_robot' build argument 'catkin_skip_building_tests' from command line to 'False'
[3.309s] DEBUG:colcon.colcon_core.verb:Building package 'first_robot' with the following arguments: {'ament_cmake_args': None, 'build_base': '/home/ghislain/TP_work/build/first_robot', 'catkin_cmake_args': None, 'catkin_skip_building_tests': False, 'cmake_args': None, 'cmake_clean_cache': False, 'cmake_clean_first': False, 'cmake_force_configure': False, 'cmake_target': None, 'cmake_target_skip_unavailable': False, 'install_base': '/home/ghislain/TP_work/install/first_robot', 'merge_install': False, 'path': '/home/ghislain/TP_work', 'symlink_install': False, 'test_result_base': None}
[3.309s] INFO:colcon.colcon_core.executor:Executing jobs using 'parallel' executor
[3.310s] DEBUG:colcon.colcon_parallel_executor.executor.parallel:run_until_complete
[3.310s] INFO:colcon.colcon_ros.task.ament_cmake.build:Building ROS package in '/home/ghislain/TP_work' with build type 'ament_cmake'
[3.311s] INFO:colcon.colcon_cmake.task.cmake.build:Building CMake package in '/home/ghislain/TP_work'
[3.313s] INFO:colcon.colcon_core.plugin_system:Skipping extension 'colcon_core.shell.bat': Not used on non-Windows systems
[3.313s] INFO:colcon.colcon_core.shell:Skip shell extension 'powershell' for command environment: Not usable outside of PowerShell
[3.313s] DEBUG:colcon.colcon_core.shell:Skip shell extension 'dsv' for command environment
[3.331s] DEBUG:colcon.colcon_core.event_handler.log_command:Invoking command in '/home/ghislain/TP_work/build/first_robot': CMAKE_PREFIX_PATH=${CMAKE_PREFIX_PATH}:/opt/ros/humble /usr/bin/cmake --build /home/ghislain/TP_work/build/first_robot -- -j4 -l4
[3.433s] DEBUG:colcon.colcon_core.event_handler.log_command:Invoked command in '/home/ghislain/TP_work/build/first_robot' returned '0': CMAKE_PREFIX_PATH=${CMAKE_PREFIX_PATH}:/opt/ros/humble /usr/bin/cmake --build /home/ghislain/TP_work/build/first_robot -- -j4 -l4
[3.445s] DEBUG:colcon.colcon_core.event_handler.log_command:Invoking command in '/home/ghislain/TP_work/build/first_robot': CMAKE_PREFIX_PATH=${CMAKE_PREFIX_PATH}:/opt/ros/humble /usr/bin/cmake --install /home/ghislain/TP_work/build/first_robot
[3.471s] Level 1:colcon.colcon_core.environment:create_environment_scripts_only(first_robot)
[3.472s] DEBUG:colcon.colcon_core.event_handler.log_command:Invoked command in '/home/ghislain/TP_work/build/first_robot' returned '0': CMAKE_PREFIX_PATH=${CMAKE_PREFIX_PATH}:/opt/ros/humble /usr/bin/cmake --install /home/ghislain/TP_work/build/first_robot
[3.474s] Level 1:colcon.colcon_core.environment:checking '/home/ghislain/TP_work/install/first_robot' for CMake module files
[3.475s] Level 1:colcon.colcon_core.environment:checking '/home/ghislain/TP_work/install/first_robot' for CMake config files
[3.475s] Level 1:colcon.colcon_core.shell:create_environment_hook('first_robot', 'cmake_prefix_path')
[3.476s] INFO:colcon.colcon_core.shell:Creating environment hook '/home/ghislain/TP_work/install/first_robot/share/first_robot/hook/cmake_prefix_path.ps1'
[3.476s] INFO:colcon.colcon_core.shell:Creating environment descriptor '/home/ghislain/TP_work/install/first_robot/share/first_robot/hook/cmake_prefix_path.dsv'
[3.477s] INFO:colcon.colcon_core.shell:Creating environment hook '/home/ghislain/TP_work/install/first_robot/share/first_robot/hook/cmake_prefix_path.sh'
[3.478s] Level 1:colcon.colcon_core.environment:checking '/home/ghislain/TP_work/install/first_robot/bin'
[3.479s] Level 1:colcon.colcon_core.environment:checking '/home/ghislain/TP_work/install/first_robot/lib/pkgconfig/first_robot.pc'
[3.479s] Level 1:colcon.colcon_core.environment:checking '/home/ghislain/TP_work/install/first_robot/lib/python3.10/site-packages'
[3.479s] Level 1:colcon.colcon_core.environment:checking '/home/ghislain/TP_work/install/first_robot/bin'
[3.480s] INFO:colcon.colcon_core.shell:Creating package script '/home/ghislain/TP_work/install/first_robot/share/first_robot/package.ps1'
[3.481s] INFO:colcon.colcon_core.shell:Creating package descriptor '/home/ghislain/TP_work/install/first_robot/share/first_robot/package.dsv'
[3.481s] INFO:colcon.colcon_core.shell:Creating package script '/home/ghislain/TP_work/install/first_robot/share/first_robot/package.sh'
[3.482s] INFO:colcon.colcon_core.shell:Creating package script '/home/ghislain/TP_work/install/first_robot/share/first_robot/package.bash'
[3.483s] INFO:colcon.colcon_core.shell:Creating package script '/home/ghislain/TP_work/install/first_robot/share/first_robot/package.zsh'
[3.484s] Level 1:colcon.colcon_core.environment:create_file_with_runtime_dependencies(/home/ghislain/TP_work/install/first_robot/share/colcon-core/packages/first_robot)
[3.485s] Level 1:colcon.colcon_core.environment:create_environment_scripts_only(first_robot)
[3.485s] Level 1:colcon.colcon_core.environment:checking '/home/ghislain/TP_work/install/first_robot' for CMake module files
[3.486s] Level 1:colcon.colcon_core.environment:checking '/home/ghislain/TP_work/install/first_robot' for CMake config files
[3.486s] Level 1:colcon.colcon_core.shell:create_environment_hook('first_robot', 'cmake_prefix_path')
[3.487s] INFO:colcon.colcon_core.shell:Creating environment hook '/home/ghislain/TP_work/install/first_robot/share/first_robot/hook/cmake_prefix_path.ps1'
[3.487s] INFO:colcon.colcon_core.shell:Creating environment descriptor '/home/ghislain/TP_work/install/first_robot/share/first_robot/hook/cmake_prefix_path.dsv'
[3.488s] INFO:colcon.colcon_core.shell:Creating environment hook '/home/ghislain/TP_work/install/first_robot/share/first_robot/hook/cmake_prefix_path.sh'
[3.489s] Level 1:colcon.colcon_core.environment:checking '/home/ghislain/TP_work/install/first_robot/bin'
[3.489s] Level 1:colcon.colcon_core.environment:checking '/home/ghislain/TP_work/install/first_robot/lib/pkgconfig/first_robot.pc'
[3.489s] Level 1:colcon.colcon_core.environment:checking '/home/ghislain/TP_work/install/first_robot/lib/python3.10/site-packages'
[3.489s] Level 1:colcon.colcon_core.environment:checking '/home/ghislain/TP_work/install/first_robot/bin'
[3.490s] INFO:colcon.colcon_core.shell:Creating package script '/home/ghislain/TP_work/install/first_robot/share/first_robot/package.ps1'
[3.490s] INFO:colcon.colcon_core.shell:Creating package descriptor '/home/ghislain/TP_work/install/first_robot/share/first_robot/package.dsv'
[3.491s] INFO:colcon.colcon_core.shell:Creating package script '/home/ghislain/TP_work/install/first_robot/share/first_robot/package.sh'
[3.492s] INFO:colcon.colcon_core.shell:Creating package script '/home/ghislain/TP_work/install/first_robot/share/first_robot/package.bash'
[3.492s] INFO:colcon.colcon_core.shell:Creating package script '/home/ghislain/TP_work/install/first_robot/share/first_robot/package.zsh'
[3.493s] Level 1:colcon.colcon_core.environment:create_file_with_runtime_dependencies(/home/ghislain/TP_work/install/first_robot/share/colcon-core/packages/first_robot)
[3.493s] DEBUG:colcon.colcon_parallel_executor.executor.parallel:closing loop
[3.494s] DEBUG:colcon.colcon_parallel_executor.executor.parallel:loop closed
[3.494s] DEBUG:colcon.colcon_parallel_executor.executor.parallel:run_until_complete finished with '0'
[3.494s] DEBUG:colcon.colcon_core.event_reactor:joining thread
[3.500s] INFO:colcon.colcon_core.plugin_system:Skipping extension 'colcon_notification.desktop_notification.terminal_notifier': Not used on non-Darwin systems
[3.500s] INFO:colcon.colcon_core.plugin_system:Skipping extension 'colcon_notification.desktop_notification.win32': Not used on non-Windows systems
[3.500s] INFO:colcon.colcon_notification.desktop_notification:Sending desktop notification using 'notify2'
[3.516s] DEBUG:colcon.colcon_core.event_reactor:joined thread
[3.516s] INFO:colcon.colcon_core.shell:Creating prefix script '/home/ghislain/TP_work/install/local_setup.ps1'
[3.518s] INFO:colcon.colcon_core.shell:Creating prefix util module '/home/ghislain/TP_work/install/_local_setup_util_ps1.py'
[3.521s] INFO:colcon.colcon_core.shell:Creating prefix chain script '/home/ghislain/TP_work/install/setup.ps1'
[3.524s] INFO:colcon.colcon_core.shell:Creating prefix script '/home/ghislain/TP_work/install/local_setup.sh'
[3.525s] INFO:colcon.colcon_core.shell:Creating prefix util module '/home/ghislain/TP_work/install/_local_setup_util_sh.py'
[3.526s] INFO:colcon.colcon_core.shell:Creating prefix chain script '/home/ghislain/TP_work/install/setup.sh'
[3.528s] INFO:colcon.colcon_core.shell:Creating prefix script '/home/ghislain/TP_work/install/local_setup.bash'
[3.529s] INFO:colcon.colcon_core.shell:Creating prefix chain script '/home/ghislain/TP_work/install/setup.bash'
[3.531s] INFO:colcon.colcon_core.shell:Creating prefix script '/home/ghislain/TP_work/install/local_setup.zsh'
[3.532s] INFO:colcon.colcon_core.shell:Creating prefix chain script '/home/ghislain/TP_work/install/setup.zsh'
