[0.038s] Invoking command in '/home/ghislain/TP_work/build/first_robot': CMAKE_PREFIX_PATH=/opt/ros/humble /usr/bin/cmake /home/ghislain/TP_work -DCMAKE_INSTALL_PREFIX=/home/ghislain/TP_work/install/first_robot
[1.505s] -- The C compiler identification is GNU 11.4.0
[2.026s] -- The CXX compiler identification is GNU 11.4.0
[2.129s] -- Detecting C compiler ABI info
[2.382s] -- Detecting C compiler ABI info - done
[2.391s] -- Check for working C compiler: /usr/bin/cc - skipped
[2.391s] -- Detecting C compile features
[2.398s] -- Detecting C compile features - done
[2.407s] -- Detecting CXX compiler ABI info
[2.531s] -- Detecting CXX compiler ABI info - done
[2.540s] -- Check for working CXX compiler: /usr/bin/c++ - skipped
[2.540s] -- Detecting CXX compile features
[2.541s] -- Detecting CXX compile features - done
[2.595s] -- Found ament_cmake: 1.3.12 (/opt/ros/humble/share/ament_cmake/cmake)
[2.913s] -- Found Python3: /usr/bin/python3 (found version "3.10.12") found components: Interpreter 
[3.157s] -- Found ament_lint_auto: 0.12.14 (/opt/ros/humble/share/ament_lint_auto/cmake)
[3.329s] -- Added test 'cppcheck' to perform static code analysis on C / C++ code
[3.329s] -- Configured cppcheck include dirs: 
[3.329s] -- Configured cppcheck exclude dirs and/or files: 
[3.332s] -- Added test 'flake8' to check Python code syntax and style conventions
[3.338s] -- Added test 'lint_cmake' to check CMake code style
[3.341s] -- Added test 'pep257' to check Python code against some of the docstring style conventions in PEP 257
[3.360s] -- Added test 'uncrustify' to check C / C++ code style
[3.360s] -- Configured uncrustify additional arguments: 
[3.364s] -- Added test 'xmllint' to check XML markup files
[3.367s] -- Configuring done
[3.375s] -- Generating done
[3.378s] -- Build files have been written to: /home/ghislain/TP_work/build/first_robot
[3.384s] Invoked command in '/home/ghislain/TP_work/build/first_robot' returned '0': CMAKE_PREFIX_PATH=/opt/ros/humble /usr/bin/cmake /home/ghislain/TP_work -DCMAKE_INSTALL_PREFIX=/home/ghislain/TP_work/install/first_robot
[3.387s] Invoking command in '/home/ghislain/TP_work/build/first_robot': CMAKE_PREFIX_PATH=/opt/ros/humble /usr/bin/cmake --build /home/ghislain/TP_work/build/first_robot -- -j4 -l4
[3.427s] Invoked command in '/home/ghislain/TP_work/build/first_robot' returned '0': CMAKE_PREFIX_PATH=/opt/ros/humble /usr/bin/cmake --build /home/ghislain/TP_work/build/first_robot -- -j4 -l4
[3.437s] Invoking command in '/home/ghislain/TP_work/build/first_robot': CMAKE_PREFIX_PATH=/opt/ros/humble /usr/bin/cmake --install /home/ghislain/TP_work/build/first_robot
[3.446s] -- Install configuration: ""
[3.446s] -- Installing: /home/ghislain/TP_work/install/first_robot/share/first_robot//launch
[3.446s] -- Installing: /home/ghislain/TP_work/install/first_robot/share/first_robot//launch/launch
[3.446s] -- Installing: /home/ghislain/TP_work/install/first_robot/share/first_robot//launch/launch/launch.py
[3.446s] -- Installing: /home/ghislain/TP_work/install/first_robot/share/first_robot//config
[3.447s] -- Installing: /home/ghislain/TP_work/install/first_robot/share/first_robot//config/bridge.yaml
[3.447s] -- Installing: /home/ghislain/TP_work/install/first_robot/share/first_robot//description
[3.447s] -- Installing: /home/ghislain/TP_work/install/first_robot/share/first_robot//description/camera.xacro
[3.447s] -- Installing: /home/ghislain/TP_work/install/first_robot/share/first_robot//description/Inertial.xacro
[3.448s] -- Installing: /home/ghislain/TP_work/install/first_robot/share/first_robot//description/Gazebo_control.xacro
[3.448s] -- Installing: /home/ghislain/TP_work/install/first_robot/share/first_robot//description/robot.urdf.xacro
[3.448s] -- Installing: /home/ghislain/TP_work/install/first_robot/share/first_robot//description/gps.xacro
[3.448s] -- Installing: /home/ghislain/TP_work/install/first_robot/share/first_robot//description/building_robot.xacro
[3.448s] -- Installing: /home/ghislain/TP_work/install/first_robot/share/first_robot//description/lidar.xacro
[3.449s] -- Installing: /home/ghislain/TP_work/install/first_robot/share/first_robot//worlds
[3.449s] -- Installing: /home/ghislain/TP_work/install/first_robot/share/first_robot//worlds/World.world
[3.449s] -- Installing: /home/ghislain/TP_work/install/first_robot/share/ament_index/resource_index/package_run_dependencies/first_robot
[3.449s] -- Installing: /home/ghislain/TP_work/install/first_robot/share/ament_index/resource_index/parent_prefix_path/first_robot
[3.450s] -- Installing: /home/ghislain/TP_work/install/first_robot/share/first_robot/environment/ament_prefix_path.sh
[3.450s] -- Installing: /home/ghislain/TP_work/install/first_robot/share/first_robot/environment/ament_prefix_path.dsv
[3.450s] -- Installing: /home/ghislain/TP_work/install/first_robot/share/first_robot/environment/path.sh
[3.450s] -- Installing: /home/ghislain/TP_work/install/first_robot/share/first_robot/environment/path.dsv
[3.450s] -- Installing: /home/ghislain/TP_work/install/first_robot/share/first_robot/local_setup.bash
[3.451s] -- Installing: /home/ghislain/TP_work/install/first_robot/share/first_robot/local_setup.sh
[3.451s] -- Installing: /home/ghislain/TP_work/install/first_robot/share/first_robot/local_setup.zsh
[3.451s] -- Installing: /home/ghislain/TP_work/install/first_robot/share/first_robot/local_setup.dsv
[3.451s] -- Installing: /home/ghislain/TP_work/install/first_robot/share/first_robot/package.dsv
[3.452s] -- Installing: /home/ghislain/TP_work/install/first_robot/share/ament_index/resource_index/packages/first_robot
[3.452s] -- Installing: /home/ghislain/TP_work/install/first_robot/share/first_robot/cmake/first_robotConfig.cmake
[3.452s] -- Installing: /home/ghislain/TP_work/install/first_robot/share/first_robot/cmake/first_robotConfig-version.cmake
[3.452s] -- Installing: /home/ghislain/TP_work/install/first_robot/share/first_robot/package.xml
[3.455s] Invoked command in '/home/ghislain/TP_work/build/first_robot' returned '0': CMAKE_PREFIX_PATH=/opt/ros/humble /usr/bin/cmake --install /home/ghislain/TP_work/build/first_robot
