-- Install configuration: ""
-- Up-to-date: /home/ghislain/TP_work/install/first_robot/share/first_robot//launch
-- Up-to-date: /home/ghislain/TP_work/install/first_robot/share/first_robot//launch/launch
-- Up-to-date: /home/ghislain/TP_work/install/first_robot/share/first_robot//launch/launch/launch.py
-- Up-to-date: /home/ghislain/TP_work/install/first_robot/share/first_robot//config
-- Up-to-date: /home/ghislain/TP_work/install/first_robot/share/first_robot//config/bridge.yaml
-- Up-to-date: /home/ghislain/TP_work/install/first_robot/share/first_robot//description
-- Up-to-date: /home/ghislain/TP_work/install/first_robot/share/first_robot//description/camera.xacro
-- Up-to-date: /home/ghislain/TP_work/install/first_robot/share/first_robot//description/Inertial.xacro
-- Up-to-date: /home/ghislain/TP_work/install/first_robot/share/first_robot//description/Gazebo_control.xacro
-- Up-to-date: /home/ghislain/TP_work/install/first_robot/share/first_robot//description/robot.urdf.xacro
-- Up-to-date: /home/ghislain/TP_work/install/first_robot/share/first_robot//description/gps.xacro
-- Up-to-date: /home/ghislain/TP_work/install/first_robot/share/first_robot//description/building_robot.xacro
-- Up-to-date: /home/ghislain/TP_work/install/first_robot/share/first_robot//description/lidar.xacro
-- Up-to-date: /home/ghislain/TP_work/install/first_robot/share/first_robot//worlds
-- Up-to-date: /home/ghislain/TP_work/install/first_robot/share/first_robot//worlds/World.world
-- Up-to-date: /home/ghislain/TP_work/install/first_robot/share/ament_index/resource_index/package_run_dependencies/first_robot
-- Up-to-date: /home/ghislain/TP_work/install/first_robot/share/ament_index/resource_index/parent_prefix_path/first_robot
-- Up-to-date: /home/ghislain/TP_work/install/first_robot/share/first_robot/environment/ament_prefix_path.sh
-- Up-to-date: /home/ghislain/TP_work/install/first_robot/share/first_robot/environment/ament_prefix_path.dsv
-- Up-to-date: /home/ghislain/TP_work/install/first_robot/share/first_robot/environment/path.sh
-- Up-to-date: /home/ghislain/TP_work/install/first_robot/share/first_robot/environment/path.dsv
-- Up-to-date: /home/ghislain/TP_work/install/first_robot/share/first_robot/local_setup.bash
-- Up-to-date: /home/ghislain/TP_work/install/first_robot/share/first_robot/local_setup.sh
-- Up-to-date: /home/ghislain/TP_work/install/first_robot/share/first_robot/local_setup.zsh
-- Up-to-date: /home/ghislain/TP_work/install/first_robot/share/first_robot/local_setup.dsv
-- Installing: /home/ghislain/TP_work/install/first_robot/share/first_robot/package.dsv
-- Up-to-date: /home/ghislain/TP_work/install/first_robot/share/ament_index/resource_index/packages/first_robot
-- Up-to-date: /home/ghislain/TP_work/install/first_robot/share/first_robot/cmake/first_robotConfig.cmake
-- Up-to-date: /home/ghislain/TP_work/install/first_robot/share/first_robot/cmake/first_robotConfig-version.cmake
-- Up-to-date: /home/ghislain/TP_work/install/first_robot/share/first_robot/package.xml
