[0.308s] DEBUG:colcon:Command line arguments: ['/usr/bin/colcon', 'build']
[0.308s] DEBUG:colcon:Parsed command line arguments: Namespace(log_base=None, log_level=None, verb_name='build', build_base='build', install_base='install', merge_install=False, symlink_install=False, test_result_base=None, continue_on_error=False, executor='parallel', parallel_workers=4, event_handlers=None, ignore_user_meta=False, metas=['./colcon.meta'], base_paths=['.'], packages_ignore=None, packages_ignore_regex=None, paths=None, packages_up_to=None, packages_up_to_regex=None, packages_above=None, packages_above_and_dependencies=None, packages_above_depth=None, packages_select_by_dep=None, packages_skip_by_dep=None, packages_skip_up_to=None, packages_select_build_failed=False, packages_skip_build_finished=False, packages_select_test_failures=False, packages_skip_test_passed=False, packages_select=None, packages_skip=None, packages_select_regex=None, packages_skip_regex=None, packages_start=None, packages_end=None, allow_overriding=[], cmake_args=None, cmake_target=None, cmake_target_skip_unavailable=False, cmake_clean_cache=False, cmake_clean_first=False, cmake_force_configure=False, ament_cmake_args=None, catkin_cmake_args=None, catkin_skip_building_tests=False, mixin_files=None, mixin=None, verb_parser=<colcon_mixin.mixin.mixin_argument.MixinArgumentDecorator object at 0x74108436e170>, verb_extension=<colcon_core.verb.build.BuildVerb object at 0x74108436dc60>, main=<bound method BuildVerb.main of <colcon_core.verb.build.BuildVerb object at 0x74108436dc60>>, mixin_verb=('build',))
[0.804s] Level 1:colcon.colcon_core.package_discovery:discover_packages(colcon_meta) check parameters
[0.804s] Level 1:colcon.colcon_core.package_discovery:discover_packages(recursive) check parameters
[0.804s] Level 1:colcon.colcon_core.package_discovery:discover_packages(ignore) check parameters
[0.804s] Level 1:colcon.colcon_core.package_discovery:discover_packages(path) check parameters
[0.804s] Level 1:colcon.colcon_core.package_discovery:discover_packages(colcon_meta) discover
[0.804s] Level 1:colcon.colcon_core.package_discovery:discover_packages(recursive) discover
[0.804s] INFO:colcon.colcon_core.package_discovery:Crawling recursively for packages in '/home/ghislain/TP_work'
[0.804s] Level 1:colcon.colcon_core.package_identification:_identify(.) by extensions ['ignore', 'ignore_ament_install']
[0.804s] Level 1:colcon.colcon_core.package_identification:_identify(.) by extension 'ignore'
[0.804s] Level 1:colcon.colcon_core.package_identification:_identify(.) by extension 'ignore_ament_install'
[0.804s] Level 1:colcon.colcon_core.package_identification:_identify(.) by extensions ['colcon_pkg']
[0.804s] Level 1:colcon.colcon_core.package_identification:_identify(.) by extension 'colcon_pkg'
[0.805s] Level 1:colcon.colcon_core.package_identification:_identify(.) by extensions ['colcon_meta']
[0.805s] Level 1:colcon.colcon_core.package_identification:_identify(.) by extension 'colcon_meta'
[0.805s] Level 1:colcon.colcon_core.package_identification:_identify(.) by extensions ['ros']
[0.805s] Level 1:colcon.colcon_core.package_identification:_identify(.) by extension 'ros'
[0.880s] DEBUG:colcon.colcon_core.package_identification:Package '.' with type 'ros.ament_cmake' and name 'first_robot'
[0.881s] Level 1:colcon.colcon_core.package_discovery:discover_packages(recursive) using defaults
[0.881s] Level 1:colcon.colcon_core.package_discovery:discover_packages(ignore) discover
[0.881s] Level 1:colcon.colcon_core.package_discovery:discover_packages(ignore) using defaults
[0.881s] Level 1:colcon.colcon_core.package_discovery:discover_packages(path) discover
[0.881s] Level 1:colcon.colcon_core.package_discovery:discover_packages(path) using defaults
[0.937s] Level 1:colcon.colcon_core.package_discovery:discover_packages(prefix_path) check parameters
[0.938s] Level 1:colcon.colcon_core.package_discovery:discover_packages(prefix_path) discover
[0.953s] DEBUG:colcon.colcon_installed_package_information.package_discovery:Found 1 installed packages in /home/ghislain/TP_work/install
[0.959s] DEBUG:colcon.colcon_installed_package_information.package_discovery:Found 314 installed packages in /opt/ros/humble
[0.965s] Level 1:colcon.colcon_core.package_discovery:discover_packages(prefix_path) using defaults
[1.147s] Level 5:colcon.colcon_core.verb:set package 'first_robot' build argument 'cmake_args' from command line to 'None'
[1.147s] Level 5:colcon.colcon_core.verb:set package 'first_robot' build argument 'cmake_target' from command line to 'None'
[1.147s] Level 5:colcon.colcon_core.verb:set package 'first_robot' build argument 'cmake_target_skip_unavailable' from command line to 'False'
[1.147s] Level 5:colcon.colcon_core.verb:set package 'first_robot' build argument 'cmake_clean_cache' from command line to 'False'
[1.147s] Level 5:colcon.colcon_core.verb:set package 'first_robot' build argument 'cmake_clean_first' from command line to 'False'
[1.147s] Level 5:colcon.colcon_core.verb:set package 'first_robot' build argument 'cmake_force_configure' from command line to 'False'
[1.147s] Level 5:colcon.colcon_core.verb:set package 'first_robot' build argument 'ament_cmake_args' from command line to 'None'
[1.148s] Level 5:colcon.colcon_core.verb:set package 'first_robot' build argument 'catkin_cmake_args' from command line to 'None'
[1.148s] Level 5:colcon.colcon_core.verb:set package 'first_robot' build argument 'catkin_skip_building_tests' from command line to 'False'
[1.148s] DEBUG:colcon.colcon_core.verb:Building package 'first_robot' with the following arguments: {'ament_cmake_args': None, 'build_base': '/home/ghislain/TP_work/build/first_robot', 'catkin_cmake_args': None, 'catkin_skip_building_tests': False, 'cmake_args': None, 'cmake_clean_cache': False, 'cmake_clean_first': False, 'cmake_force_configure': False, 'cmake_target': None, 'cmake_target_skip_unavailable': False, 'install_base': '/home/ghislain/TP_work/install/first_robot', 'merge_install': False, 'path': '/home/ghislain/TP_work', 'symlink_install': False, 'test_result_base': None}
[1.148s] INFO:colcon.colcon_core.executor:Executing jobs using 'parallel' executor
[1.150s] DEBUG:colcon.colcon_parallel_executor.executor.parallel:run_until_complete
[1.152s] INFO:colcon.colcon_ros.task.ament_cmake.build:Building ROS package in '/home/ghislain/TP_work' with build type 'ament_cmake'
[1.155s] INFO:colcon.colcon_cmake.task.cmake.build:Building CMake package in '/home/ghislain/TP_work'
[1.164s] INFO:colcon.colcon_core.plugin_system:Skipping extension 'colcon_core.shell.bat': Not used on non-Windows systems
[1.164s] INFO:colcon.colcon_core.shell:Skip shell extension 'powershell' for command environment: Not usable outside of PowerShell
[1.165s] DEBUG:colcon.colcon_core.shell:Skip shell extension 'dsv' for command environment
[1.184s] DEBUG:colcon.colcon_core.event_handler.log_command:Invoking command in '/home/ghislain/TP_work/build/first_robot': CMAKE_PREFIX_PATH=${CMAKE_PREFIX_PATH}:/opt/ros/humble /usr/bin/cmake --build /home/ghislain/TP_work/build/first_robot -- -j4 -l4
[1.284s] DEBUG:colcon.colcon_core.event_handler.log_command:Invoked command in '/home/ghislain/TP_work/build/first_robot' returned '0': CMAKE_PREFIX_PATH=${CMAKE_PREFIX_PATH}:/opt/ros/humble /usr/bin/cmake --build /home/ghislain/TP_work/build/first_robot -- -j4 -l4
[1.307s] DEBUG:colcon.colcon_core.event_handler.log_command:Invoking command in '/home/ghislain/TP_work/build/first_robot': CMAKE_PREFIX_PATH=${CMAKE_PREFIX_PATH}:/opt/ros/humble /usr/bin/cmake --install /home/ghislain/TP_work/build/first_robot
[1.333s] Level 1:colcon.colcon_core.environment:create_environment_scripts_only(first_robot)
[1.334s] DEBUG:colcon.colcon_core.event_handler.log_command:Invoked command in '/home/ghislain/TP_work/build/first_robot' returned '0': CMAKE_PREFIX_PATH=${CMAKE_PREFIX_PATH}:/opt/ros/humble /usr/bin/cmake --install /home/ghislain/TP_work/build/first_robot
[1.339s] Level 1:colcon.colcon_core.environment:checking '/home/ghislain/TP_work/install/first_robot' for CMake module files
[1.340s] Level 1:colcon.colcon_core.environment:checking '/home/ghislain/TP_work/install/first_robot' for CMake config files
[1.341s] Level 1:colcon.colcon_core.shell:create_environment_hook('first_robot', 'cmake_prefix_path')
[1.342s] INFO:colcon.colcon_core.shell:Creating environment hook '/home/ghislain/TP_work/install/first_robot/share/first_robot/hook/cmake_prefix_path.ps1'
[1.343s] INFO:colcon.colcon_core.shell:Creating environment descriptor '/home/ghislain/TP_work/install/first_robot/share/first_robot/hook/cmake_prefix_path.dsv'
[1.345s] INFO:colcon.colcon_core.shell:Creating environment hook '/home/ghislain/TP_work/install/first_robot/share/first_robot/hook/cmake_prefix_path.sh'
[1.347s] Level 1:colcon.colcon_core.environment:checking '/home/ghislain/TP_work/install/first_robot/bin'
[1.348s] Level 1:colcon.colcon_core.environment:checking '/home/ghislain/TP_work/install/first_robot/lib/pkgconfig/first_robot.pc'
[1.348s] Level 1:colcon.colcon_core.environment:checking '/home/ghislain/TP_work/install/first_robot/lib/python3.10/site-packages'
[1.348s] Level 1:colcon.colcon_core.environment:checking '/home/ghislain/TP_work/install/first_robot/bin'
[1.349s] INFO:colcon.colcon_core.shell:Creating package script '/home/ghislain/TP_work/install/first_robot/share/first_robot/package.ps1'
[1.352s] INFO:colcon.colcon_core.shell:Creating package descriptor '/home/ghislain/TP_work/install/first_robot/share/first_robot/package.dsv'
[1.353s] INFO:colcon.colcon_core.shell:Creating package script '/home/ghislain/TP_work/install/first_robot/share/first_robot/package.sh'
[1.355s] INFO:colcon.colcon_core.shell:Creating package script '/home/ghislain/TP_work/install/first_robot/share/first_robot/package.bash'
[1.356s] INFO:colcon.colcon_core.shell:Creating package script '/home/ghislain/TP_work/install/first_robot/share/first_robot/package.zsh'
[1.358s] Level 1:colcon.colcon_core.environment:create_file_with_runtime_dependencies(/home/ghislain/TP_work/install/first_robot/share/colcon-core/packages/first_robot)
[1.360s] Level 1:colcon.colcon_core.environment:create_environment_scripts_only(first_robot)
[1.360s] Level 1:colcon.colcon_core.environment:checking '/home/ghislain/TP_work/install/first_robot' for CMake module files
[1.361s] Level 1:colcon.colcon_core.environment:checking '/home/ghislain/TP_work/install/first_robot' for CMake config files
[1.361s] Level 1:colcon.colcon_core.shell:create_environment_hook('first_robot', 'cmake_prefix_path')
[1.361s] INFO:colcon.colcon_core.shell:Creating environment hook '/home/ghislain/TP_work/install/first_robot/share/first_robot/hook/cmake_prefix_path.ps1'
[1.362s] INFO:colcon.colcon_core.shell:Creating environment descriptor '/home/ghislain/TP_work/install/first_robot/share/first_robot/hook/cmake_prefix_path.dsv'
[1.363s] INFO:colcon.colcon_core.shell:Creating environment hook '/home/ghislain/TP_work/install/first_robot/share/first_robot/hook/cmake_prefix_path.sh'
[1.365s] Level 1:colcon.colcon_core.environment:checking '/home/ghislain/TP_work/install/first_robot/bin'
[1.365s] Level 1:colcon.colcon_core.environment:checking '/home/ghislain/TP_work/install/first_robot/lib/pkgconfig/first_robot.pc'
[1.365s] Level 1:colcon.colcon_core.environment:checking '/home/ghislain/TP_work/install/first_robot/lib/python3.10/site-packages'
[1.366s] Level 1:colcon.colcon_core.environment:checking '/home/ghislain/TP_work/install/first_robot/bin'
[1.366s] INFO:colcon.colcon_core.shell:Creating package script '/home/ghislain/TP_work/install/first_robot/share/first_robot/package.ps1'
[1.368s] INFO:colcon.colcon_core.shell:Creating package descriptor '/home/ghislain/TP_work/install/first_robot/share/first_robot/package.dsv'
[1.371s] INFO:colcon.colcon_core.shell:Creating package script '/home/ghislain/TP_work/install/first_robot/share/first_robot/package.sh'
[1.372s] INFO:colcon.colcon_core.shell:Creating package script '/home/ghislain/TP_work/install/first_robot/share/first_robot/package.bash'
[1.373s] INFO:colcon.colcon_core.shell:Creating package script '/home/ghislain/TP_work/install/first_robot/share/first_robot/package.zsh'
[1.374s] Level 1:colcon.colcon_core.environment:create_file_with_runtime_dependencies(/home/ghislain/TP_work/install/first_robot/share/colcon-core/packages/first_robot)
[1.374s] DEBUG:colcon.colcon_parallel_executor.executor.parallel:closing loop
[1.376s] DEBUG:colcon.colcon_parallel_executor.executor.parallel:loop closed
[1.376s] DEBUG:colcon.colcon_parallel_executor.executor.parallel:run_until_complete finished with '0'
[1.377s] DEBUG:colcon.colcon_core.event_reactor:joining thread
[1.392s] INFO:colcon.colcon_core.plugin_system:Skipping extension 'colcon_notification.desktop_notification.terminal_notifier': Not used on non-Darwin systems
[1.392s] INFO:colcon.colcon_core.plugin_system:Skipping extension 'colcon_notification.desktop_notification.win32': Not used on non-Windows systems
[1.392s] INFO:colcon.colcon_notification.desktop_notification:Sending desktop notification using 'notify2'
[1.422s] DEBUG:colcon.colcon_core.event_reactor:joined thread
[1.422s] INFO:colcon.colcon_core.shell:Creating prefix script '/home/ghislain/TP_work/install/local_setup.ps1'
[1.424s] INFO:colcon.colcon_core.shell:Creating prefix util module '/home/ghislain/TP_work/install/_local_setup_util_ps1.py'
[1.429s] INFO:colcon.colcon_core.shell:Creating prefix chain script '/home/ghislain/TP_work/install/setup.ps1'
[1.432s] INFO:colcon.colcon_core.shell:Creating prefix script '/home/ghislain/TP_work/install/local_setup.sh'
[1.433s] INFO:colcon.colcon_core.shell:Creating prefix util module '/home/ghislain/TP_work/install/_local_setup_util_sh.py'
[1.437s] INFO:colcon.colcon_core.shell:Creating prefix chain script '/home/ghislain/TP_work/install/setup.sh'
[1.442s] INFO:colcon.colcon_core.shell:Creating prefix script '/home/ghislain/TP_work/install/local_setup.bash'
[1.444s] INFO:colcon.colcon_core.shell:Creating prefix chain script '/home/ghislain/TP_work/install/setup.bash'
[1.447s] INFO:colcon.colcon_core.shell:Creating prefix script '/home/ghislain/TP_work/install/local_setup.zsh'
[1.449s] INFO:colcon.colcon_core.shell:Creating prefix chain script '/home/ghislain/TP_work/install/setup.zsh'
