[0.562s] Invoking command in '/home/ghislain/TP_work/build/first_robot': CMAKE_PREFIX_PATH=/opt/ros/humble /usr/bin/cmake --build /home/ghislain/TP_work/build/first_robot -- -j4 -l4
[1.404s] Invoked command in '/home/ghislain/TP_work/build/first_robot' returned '0': CMAKE_PREFIX_PATH=/opt/ros/humble /usr/bin/cmake --build /home/ghislain/TP_work/build/first_robot -- -j4 -l4
[1.481s] Invoking command in '/home/ghislain/TP_work/build/first_robot': CMAKE_PREFIX_PATH=/opt/ros/humble /usr/bin/cmake --install /home/ghislain/TP_work/build/first_robot
[1.563s] -- Install configuration: ""
[1.629s] -- Execute custom install script
[1.735s] -- Up-to-date symlink: /home/ghislain/TP_work/install/first_robot/share/first_robot//launch/launch/launch.py
[1.737s] -- Up-to-date symlink: /home/ghislain/TP_work/install/first_robot/share/first_robot//config/bridge.yaml
[1.738s] -- Up-to-date symlink: /home/ghislain/TP_work/install/first_robot/share/first_robot//description/Gazebo_control.xacro
[1.739s] -- Up-to-date symlink: /home/ghislain/TP_work/install/first_robot/share/first_robot//description/Inertial.xacro
[1.740s] -- Up-to-date symlink: /home/ghislain/TP_work/install/first_robot/share/first_robot//description/building_robot.xacro
[1.741s] -- Up-to-date symlink: /home/ghislain/TP_work/install/first_robot/share/first_robot//description/camera.xacro
[1.742s] -- Up-to-date symlink: /home/ghislain/TP_work/install/first_robot/share/first_robot//description/gps.xacro
[1.743s] -- Up-to-date symlink: /home/ghislain/TP_work/install/first_robot/share/first_robot//description/lidar.xacro
[1.744s] -- Up-to-date symlink: /home/ghislain/TP_work/install/first_robot/share/first_robot//description/robot.urdf.xacro
[1.745s] -- Up-to-date symlink: /home/ghislain/TP_work/install/first_robot/share/first_robot//worlds/World.world
[1.745s] -- Up-to-date symlink: /home/ghislain/TP_work/install/first_robot/share/ament_index/resource_index/package_run_dependencies/first_robot
[1.746s] -- Up-to-date symlink: /home/ghislain/TP_work/install/first_robot/share/ament_index/resource_index/parent_prefix_path/first_robot
[1.748s] -- Up-to-date symlink: /home/ghislain/TP_work/install/first_robot/share/first_robot/environment/ament_prefix_path.sh
[1.749s] -- Up-to-date symlink: /home/ghislain/TP_work/install/first_robot/share/first_robot/environment/ament_prefix_path.dsv
[1.749s] -- Up-to-date symlink: /home/ghislain/TP_work/install/first_robot/share/first_robot/environment/path.sh
[1.750s] -- Up-to-date symlink: /home/ghislain/TP_work/install/first_robot/share/first_robot/environment/path.dsv
[1.751s] -- Up-to-date symlink: /home/ghislain/TP_work/install/first_robot/share/first_robot/local_setup.bash
[1.752s] -- Up-to-date symlink: /home/ghislain/TP_work/install/first_robot/share/first_robot/local_setup.sh
[1.753s] -- Up-to-date symlink: /home/ghislain/TP_work/install/first_robot/share/first_robot/local_setup.zsh
[1.754s] -- Up-to-date symlink: /home/ghislain/TP_work/install/first_robot/share/first_robot/local_setup.dsv
[1.755s] -- Symlinking: /home/ghislain/TP_work/install/first_robot/share/first_robot/package.dsv
[1.769s] -- Up-to-date symlink: /home/ghislain/TP_work/install/first_robot/share/ament_index/resource_index/packages/first_robot
[1.770s] -- Up-to-date symlink: /home/ghislain/TP_work/install/first_robot/share/first_robot/cmake/first_robotConfig.cmake
[1.770s] -- Up-to-date symlink: /home/ghislain/TP_work/install/first_robot/share/first_robot/cmake/first_robotConfig-version.cmake
[1.770s] -- Up-to-date symlink: /home/ghislain/TP_work/install/first_robot/share/first_robot/package.xml
[1.773s] Invoked command in '/home/ghislain/TP_work/build/first_robot' returned '0': CMAKE_PREFIX_PATH=/opt/ros/humble /usr/bin/cmake --install /home/ghislain/TP_work/build/first_robot
