[0.202s] DEBUG:colcon:Command line arguments: ['/usr/bin/colcon', 'build']
[0.202s] DEBUG:colcon:Parsed command line arguments: Namespace(log_base=None, log_level=None, verb_name='build', build_base='build', install_base='install', merge_install=False, symlink_install=False, test_result_base=None, continue_on_error=False, executor='parallel', parallel_workers=4, event_handlers=None, ignore_user_meta=False, metas=['./colcon.meta'], base_paths=['.'], packages_ignore=None, packages_ignore_regex=None, paths=None, packages_up_to=None, packages_up_to_regex=None, packages_above=None, packages_above_and_dependencies=None, packages_above_depth=None, packages_select_by_dep=None, packages_skip_by_dep=None, packages_skip_up_to=None, packages_select_build_failed=False, packages_skip_build_finished=False, packages_select_test_failures=False, packages_skip_test_passed=False, packages_select=None, packages_skip=None, packages_select_regex=None, packages_skip_regex=None, packages_start=None, packages_end=None, allow_overriding=[], cmake_args=None, cmake_target=None, cmake_target_skip_unavailable=False, cmake_clean_cache=False, cmake_clean_first=False, cmake_force_configure=False, ament_cmake_args=None, catkin_cmake_args=None, catkin_skip_building_tests=False, mixin_files=None, mixin=None, verb_parser=<colcon_mixin.mixin.mixin_argument.MixinArgumentDecorator object at 0x76e01b36a0b0>, verb_extension=<colcon_core.verb.build.BuildVerb object at 0x76e01b369ba0>, main=<bound method BuildVerb.main of <colcon_core.verb.build.BuildVerb object at 0x76e01b369ba0>>, mixin_verb=('build',))
[0.413s] Level 1:colcon.colcon_core.package_discovery:discover_packages(colcon_meta) check parameters
[0.413s] Level 1:colcon.colcon_core.package_discovery:discover_packages(recursive) check parameters
[0.414s] Level 1:colcon.colcon_core.package_discovery:discover_packages(ignore) check parameters
[0.414s] Level 1:colcon.colcon_core.package_discovery:discover_packages(path) check parameters
[0.414s] Level 1:colcon.colcon_core.package_discovery:discover_packages(colcon_meta) discover
[0.414s] Level 1:colcon.colcon_core.package_discovery:discover_packages(recursive) discover
[0.414s] INFO:colcon.colcon_core.package_discovery:Crawling recursively for packages in '/home/ghislain/TP_work'
[0.414s] Level 1:colcon.colcon_core.package_identification:_identify(.) by extensions ['ignore', 'ignore_ament_install']
[0.414s] Level 1:colcon.colcon_core.package_identification:_identify(.) by extension 'ignore'
[0.414s] Level 1:colcon.colcon_core.package_identification:_identify(.) by extension 'ignore_ament_install'
[0.414s] Level 1:colcon.colcon_core.package_identification:_identify(.) by extensions ['colcon_pkg']
[0.414s] Level 1:colcon.colcon_core.package_identification:_identify(.) by extension 'colcon_pkg'
[0.414s] Level 1:colcon.colcon_core.package_identification:_identify(.) by extensions ['colcon_meta']
[0.414s] Level 1:colcon.colcon_core.package_identification:_identify(.) by extension 'colcon_meta'
[0.414s] Level 1:colcon.colcon_core.package_identification:_identify(.) by extensions ['ros']
[0.414s] Level 1:colcon.colcon_core.package_identification:_identify(.) by extension 'ros'
[0.444s] DEBUG:colcon.colcon_core.package_identification:Package '.' with type 'ros.ament_cmake' and name 'first_robot'
[0.444s] Level 1:colcon.colcon_core.package_discovery:discover_packages(recursive) using defaults
[0.445s] Level 1:colcon.colcon_core.package_discovery:discover_packages(ignore) discover
[0.445s] Level 1:colcon.colcon_core.package_discovery:discover_packages(ignore) using defaults
[0.445s] Level 1:colcon.colcon_core.package_discovery:discover_packages(path) discover
[0.445s] Level 1:colcon.colcon_core.package_discovery:discover_packages(path) using defaults
[0.476s] Level 1:colcon.colcon_core.package_discovery:discover_packages(prefix_path) check parameters
[0.476s] Level 1:colcon.colcon_core.package_discovery:discover_packages(prefix_path) discover
[0.480s] DEBUG:colcon.colcon_installed_package_information.package_discovery:Found 314 installed packages in /opt/ros/humble
[0.482s] Level 1:colcon.colcon_core.package_discovery:discover_packages(prefix_path) using defaults
[0.541s] Level 5:colcon.colcon_core.verb:set package 'first_robot' build argument 'cmake_args' from command line to 'None'
[0.541s] Level 5:colcon.colcon_core.verb:set package 'first_robot' build argument 'cmake_target' from command line to 'None'
[0.541s] Level 5:colcon.colcon_core.verb:set package 'first_robot' build argument 'cmake_target_skip_unavailable' from command line to 'False'
[0.541s] Level 5:colcon.colcon_core.verb:set package 'first_robot' build argument 'cmake_clean_cache' from command line to 'False'
[0.541s] Level 5:colcon.colcon_core.verb:set package 'first_robot' build argument 'cmake_clean_first' from command line to 'False'
[0.541s] Level 5:colcon.colcon_core.verb:set package 'first_robot' build argument 'cmake_force_configure' from command line to 'False'
[0.541s] Level 5:colcon.colcon_core.verb:set package 'first_robot' build argument 'ament_cmake_args' from command line to 'None'
[0.541s] Level 5:colcon.colcon_core.verb:set package 'first_robot' build argument 'catkin_cmake_args' from command line to 'None'
[0.541s] Level 5:colcon.colcon_core.verb:set package 'first_robot' build argument 'catkin_skip_building_tests' from command line to 'False'
[0.541s] DEBUG:colcon.colcon_core.verb:Building package 'first_robot' with the following arguments: {'ament_cmake_args': None, 'build_base': '/home/ghislain/TP_work/build/first_robot', 'catkin_cmake_args': None, 'catkin_skip_building_tests': False, 'cmake_args': None, 'cmake_clean_cache': False, 'cmake_clean_first': False, 'cmake_force_configure': False, 'cmake_target': None, 'cmake_target_skip_unavailable': False, 'install_base': '/home/ghislain/TP_work/install/first_robot', 'merge_install': False, 'path': '/home/ghislain/TP_work', 'symlink_install': False, 'test_result_base': None}
[0.541s] INFO:colcon.colcon_core.executor:Executing jobs using 'parallel' executor
[0.543s] DEBUG:colcon.colcon_parallel_executor.executor.parallel:run_until_complete
[0.543s] INFO:colcon.colcon_ros.task.ament_cmake.build:Building ROS package in '/home/ghislain/TP_work' with build type 'ament_cmake'
[0.543s] INFO:colcon.colcon_cmake.task.cmake.build:Building CMake package in '/home/ghislain/TP_work'
[0.564s] INFO:colcon.colcon_core.plugin_system:Skipping extension 'colcon_core.shell.bat': Not used on non-Windows systems
[0.564s] INFO:colcon.colcon_core.shell:Skip shell extension 'powershell' for command environment: Not usable outside of PowerShell
[0.564s] DEBUG:colcon.colcon_core.shell:Skip shell extension 'dsv' for command environment
[0.581s] DEBUG:colcon.colcon_core.event_handler.log_command:Invoking command in '/home/ghislain/TP_work/build/first_robot': CMAKE_PREFIX_PATH=/opt/ros/humble /usr/bin/cmake /home/ghislain/TP_work -DCMAKE_INSTALL_PREFIX=/home/ghislain/TP_work/install/first_robot
[3.927s] DEBUG:colcon.colcon_core.event_handler.log_command:Invoked command in '/home/ghislain/TP_work/build/first_robot' returned '0': CMAKE_PREFIX_PATH=/opt/ros/humble /usr/bin/cmake /home/ghislain/TP_work -DCMAKE_INSTALL_PREFIX=/home/ghislain/TP_work/install/first_robot
[3.930s] DEBUG:colcon.colcon_core.event_handler.log_command:Invoking command in '/home/ghislain/TP_work/build/first_robot': CMAKE_PREFIX_PATH=/opt/ros/humble /usr/bin/cmake --build /home/ghislain/TP_work/build/first_robot -- -j4 -l4
[3.970s] DEBUG:colcon.colcon_core.event_handler.log_command:Invoked command in '/home/ghislain/TP_work/build/first_robot' returned '0': CMAKE_PREFIX_PATH=/opt/ros/humble /usr/bin/cmake --build /home/ghislain/TP_work/build/first_robot -- -j4 -l4
[3.980s] DEBUG:colcon.colcon_core.event_handler.log_command:Invoking command in '/home/ghislain/TP_work/build/first_robot': CMAKE_PREFIX_PATH=/opt/ros/humble /usr/bin/cmake --install /home/ghislain/TP_work/build/first_robot
[3.997s] Level 1:colcon.colcon_core.environment:create_environment_scripts_only(first_robot)
[3.998s] DEBUG:colcon.colcon_core.event_handler.log_command:Invoked command in '/home/ghislain/TP_work/build/first_robot' returned '0': CMAKE_PREFIX_PATH=/opt/ros/humble /usr/bin/cmake --install /home/ghislain/TP_work/build/first_robot
[4.056s] Level 1:colcon.colcon_core.environment:checking '/home/ghislain/TP_work/install/first_robot' for CMake module files
[4.061s] Level 1:colcon.colcon_core.environment:checking '/home/ghislain/TP_work/install/first_robot' for CMake config files
[4.062s] Level 1:colcon.colcon_core.shell:create_environment_hook('first_robot', 'cmake_prefix_path')
[4.064s] INFO:colcon.colcon_core.shell:Creating environment hook '/home/ghislain/TP_work/install/first_robot/share/first_robot/hook/cmake_prefix_path.ps1'
[4.082s] INFO:colcon.colcon_core.shell:Creating environment descriptor '/home/ghislain/TP_work/install/first_robot/share/first_robot/hook/cmake_prefix_path.dsv'
[4.095s] INFO:colcon.colcon_core.shell:Creating environment hook '/home/ghislain/TP_work/install/first_robot/share/first_robot/hook/cmake_prefix_path.sh'
[4.098s] Level 1:colcon.colcon_core.environment:checking '/home/ghislain/TP_work/install/first_robot/bin'
[4.099s] Level 1:colcon.colcon_core.environment:checking '/home/ghislain/TP_work/install/first_robot/lib/pkgconfig/first_robot.pc'
[4.100s] Level 1:colcon.colcon_core.environment:checking '/home/ghislain/TP_work/install/first_robot/lib/python3.10/site-packages'
[4.100s] Level 1:colcon.colcon_core.environment:checking '/home/ghislain/TP_work/install/first_robot/bin'
[4.101s] INFO:colcon.colcon_core.shell:Creating package script '/home/ghislain/TP_work/install/first_robot/share/first_robot/package.ps1'
[4.103s] INFO:colcon.colcon_core.shell:Creating package descriptor '/home/ghislain/TP_work/install/first_robot/share/first_robot/package.dsv'
[4.105s] INFO:colcon.colcon_core.shell:Creating package script '/home/ghislain/TP_work/install/first_robot/share/first_robot/package.sh'
[4.107s] INFO:colcon.colcon_core.shell:Creating package script '/home/ghislain/TP_work/install/first_robot/share/first_robot/package.bash'
[4.130s] INFO:colcon.colcon_core.shell:Creating package script '/home/ghislain/TP_work/install/first_robot/share/first_robot/package.zsh'
[4.151s] Level 1:colcon.colcon_core.environment:create_file_with_runtime_dependencies(/home/ghislain/TP_work/install/first_robot/share/colcon-core/packages/first_robot)
[4.154s] Level 1:colcon.colcon_core.environment:create_environment_scripts_only(first_robot)
[4.156s] Level 1:colcon.colcon_core.environment:checking '/home/ghislain/TP_work/install/first_robot' for CMake module files
[4.159s] Level 1:colcon.colcon_core.environment:checking '/home/ghislain/TP_work/install/first_robot' for CMake config files
[4.160s] Level 1:colcon.colcon_core.shell:create_environment_hook('first_robot', 'cmake_prefix_path')
[4.161s] INFO:colcon.colcon_core.shell:Creating environment hook '/home/ghislain/TP_work/install/first_robot/share/first_robot/hook/cmake_prefix_path.ps1'
[4.163s] INFO:colcon.colcon_core.shell:Creating environment descriptor '/home/ghislain/TP_work/install/first_robot/share/first_robot/hook/cmake_prefix_path.dsv'
[4.164s] INFO:colcon.colcon_core.shell:Creating environment hook '/home/ghislain/TP_work/install/first_robot/share/first_robot/hook/cmake_prefix_path.sh'
[4.165s] Level 1:colcon.colcon_core.environment:checking '/home/ghislain/TP_work/install/first_robot/bin'
[4.165s] Level 1:colcon.colcon_core.environment:checking '/home/ghislain/TP_work/install/first_robot/lib/pkgconfig/first_robot.pc'
[4.165s] Level 1:colcon.colcon_core.environment:checking '/home/ghislain/TP_work/install/first_robot/lib/python3.10/site-packages'
[4.166s] Level 1:colcon.colcon_core.environment:checking '/home/ghislain/TP_work/install/first_robot/bin'
[4.166s] INFO:colcon.colcon_core.shell:Creating package script '/home/ghislain/TP_work/install/first_robot/share/first_robot/package.ps1'
[4.167s] INFO:colcon.colcon_core.shell:Creating package descriptor '/home/ghislain/TP_work/install/first_robot/share/first_robot/package.dsv'
[4.168s] INFO:colcon.colcon_core.shell:Creating package script '/home/ghislain/TP_work/install/first_robot/share/first_robot/package.sh'
[4.169s] INFO:colcon.colcon_core.shell:Creating package script '/home/ghislain/TP_work/install/first_robot/share/first_robot/package.bash'
[4.171s] INFO:colcon.colcon_core.shell:Creating package script '/home/ghislain/TP_work/install/first_robot/share/first_robot/package.zsh'
[4.173s] Level 1:colcon.colcon_core.environment:create_file_with_runtime_dependencies(/home/ghislain/TP_work/install/first_robot/share/colcon-core/packages/first_robot)
[4.174s] DEBUG:colcon.colcon_parallel_executor.executor.parallel:closing loop
[4.175s] DEBUG:colcon.colcon_parallel_executor.executor.parallel:loop closed
[4.175s] DEBUG:colcon.colcon_parallel_executor.executor.parallel:run_until_complete finished with '0'
[4.175s] DEBUG:colcon.colcon_core.event_reactor:joining thread
[4.208s] INFO:colcon.colcon_core.plugin_system:Skipping extension 'colcon_notification.desktop_notification.terminal_notifier': Not used on non-Darwin systems
[4.209s] INFO:colcon.colcon_core.plugin_system:Skipping extension 'colcon_notification.desktop_notification.win32': Not used on non-Windows systems
[4.209s] INFO:colcon.colcon_notification.desktop_notification:Sending desktop notification using 'notify2'
[4.265s] DEBUG:colcon.colcon_core.event_reactor:joined thread
[4.266s] INFO:colcon.colcon_core.shell:Creating prefix script '/home/ghislain/TP_work/install/local_setup.ps1'
[4.274s] INFO:colcon.colcon_core.shell:Creating prefix util module '/home/ghislain/TP_work/install/_local_setup_util_ps1.py'
[4.291s] INFO:colcon.colcon_core.shell:Creating prefix chain script '/home/ghislain/TP_work/install/setup.ps1'
[4.293s] INFO:colcon.colcon_core.shell:Creating prefix script '/home/ghislain/TP_work/install/local_setup.sh'
[4.305s] INFO:colcon.colcon_core.shell:Creating prefix util module '/home/ghislain/TP_work/install/_local_setup_util_sh.py'
[4.306s] INFO:colcon.colcon_core.shell:Creating prefix chain script '/home/ghislain/TP_work/install/setup.sh'
[4.315s] INFO:colcon.colcon_core.shell:Creating prefix script '/home/ghislain/TP_work/install/local_setup.bash'
[4.329s] INFO:colcon.colcon_core.shell:Creating prefix chain script '/home/ghislain/TP_work/install/setup.bash'
[4.331s] INFO:colcon.colcon_core.shell:Creating prefix script '/home/ghislain/TP_work/install/local_setup.zsh'
[4.333s] INFO:colcon.colcon_core.shell:Creating prefix chain script '/home/ghislain/TP_work/install/setup.zsh'
