[1.768s] DEBUG:colcon:Command line arguments: ['/usr/bin/colcon', 'build']
[1.769s] DEBUG:colcon:Parsed command line arguments: Namespace(log_base=None, log_level=None, verb_name='build', build_base='build', install_base='install', merge_install=False, symlink_install=False, test_result_base=None, continue_on_error=False, executor='parallel', parallel_workers=4, event_handlers=None, ignore_user_meta=False, metas=['./colcon.meta'], base_paths=['.'], packages_ignore=None, packages_ignore_regex=None, paths=None, packages_up_to=None, packages_up_to_regex=None, packages_above=None, packages_above_and_dependencies=None, packages_above_depth=None, packages_select_by_dep=None, packages_skip_by_dep=None, packages_skip_up_to=None, packages_select_build_failed=False, packages_skip_build_finished=False, packages_select_test_failures=False, packages_skip_test_passed=False, packages_select=None, packages_skip=None, packages_select_regex=None, packages_skip_regex=None, packages_start=None, packages_end=None, allow_overriding=[], cmake_args=None, cmake_target=None, cmake_target_skip_unavailable=False, cmake_clean_cache=False, cmake_clean_first=False, cmake_force_configure=False, ament_cmake_args=None, catkin_cmake_args=None, catkin_skip_building_tests=False, mixin_files=None, mixin=None, verb_parser=<colcon_mixin.mixin.mixin_argument.MixinArgumentDecorator object at 0x7fc247e5e170>, verb_extension=<colcon_core.verb.build.BuildVerb object at 0x7fc247e5dc60>, main=<bound method BuildVerb.main of <colcon_core.verb.build.BuildVerb object at 0x7fc247e5dc60>>, mixin_verb=('build',))
[2.198s] Level 1:colcon.colcon_core.package_discovery:discover_packages(colcon_meta) check parameters
[2.198s] Level 1:colcon.colcon_core.package_discovery:discover_packages(recursive) check parameters
[2.199s] Level 1:colcon.colcon_core.package_discovery:discover_packages(ignore) check parameters
[2.199s] Level 1:colcon.colcon_core.package_discovery:discover_packages(path) check parameters
[2.199s] Level 1:colcon.colcon_core.package_discovery:discover_packages(colcon_meta) discover
[2.199s] Level 1:colcon.colcon_core.package_discovery:discover_packages(recursive) discover
[2.199s] INFO:colcon.colcon_core.package_discovery:Crawling recursively for packages in '/home/ghislain/TP_work'
[2.199s] Level 1:colcon.colcon_core.package_identification:_identify(.) by extensions ['ignore', 'ignore_ament_install']
[2.200s] Level 1:colcon.colcon_core.package_identification:_identify(.) by extension 'ignore'
[2.200s] Level 1:colcon.colcon_core.package_identification:_identify(.) by extension 'ignore_ament_install'
[2.200s] Level 1:colcon.colcon_core.package_identification:_identify(.) by extensions ['colcon_pkg']
[2.200s] Level 1:colcon.colcon_core.package_identification:_identify(.) by extension 'colcon_pkg'
[2.200s] Level 1:colcon.colcon_core.package_identification:_identify(.) by extensions ['colcon_meta']
[2.200s] Level 1:colcon.colcon_core.package_identification:_identify(.) by extension 'colcon_meta'
[2.200s] Level 1:colcon.colcon_core.package_identification:_identify(.) by extensions ['ros']
[2.200s] Level 1:colcon.colcon_core.package_identification:_identify(.) by extension 'ros'
[2.299s] DEBUG:colcon.colcon_core.package_identification:Package '.' with type 'ros.ament_cmake' and name 'first_robot'
[2.299s] Level 1:colcon.colcon_core.package_discovery:discover_packages(recursive) using defaults
[2.299s] Level 1:colcon.colcon_core.package_discovery:discover_packages(ignore) discover
[2.300s] Level 1:colcon.colcon_core.package_discovery:discover_packages(ignore) using defaults
[2.300s] Level 1:colcon.colcon_core.package_discovery:discover_packages(path) discover
[2.300s] Level 1:colcon.colcon_core.package_discovery:discover_packages(path) using defaults
[2.400s] Level 1:colcon.colcon_core.package_discovery:discover_packages(prefix_path) check parameters
[2.400s] Level 1:colcon.colcon_core.package_discovery:discover_packages(prefix_path) discover
[2.402s] DEBUG:colcon.colcon_installed_package_information.package_discovery:Found 1 installed packages in /home/ghislain/TP_work/install
[2.404s] DEBUG:colcon.colcon_installed_package_information.package_discovery:Found 314 installed packages in /opt/ros/humble
[2.406s] Level 1:colcon.colcon_core.package_discovery:discover_packages(prefix_path) using defaults
[2.457s] Level 5:colcon.colcon_core.verb:set package 'first_robot' build argument 'cmake_args' from command line to 'None'
[2.457s] Level 5:colcon.colcon_core.verb:set package 'first_robot' build argument 'cmake_target' from command line to 'None'
[2.457s] Level 5:colcon.colcon_core.verb:set package 'first_robot' build argument 'cmake_target_skip_unavailable' from command line to 'False'
[2.457s] Level 5:colcon.colcon_core.verb:set package 'first_robot' build argument 'cmake_clean_cache' from command line to 'False'
[2.457s] Level 5:colcon.colcon_core.verb:set package 'first_robot' build argument 'cmake_clean_first' from command line to 'False'
[2.457s] Level 5:colcon.colcon_core.verb:set package 'first_robot' build argument 'cmake_force_configure' from command line to 'False'
[2.457s] Level 5:colcon.colcon_core.verb:set package 'first_robot' build argument 'ament_cmake_args' from command line to 'None'
[2.458s] Level 5:colcon.colcon_core.verb:set package 'first_robot' build argument 'catkin_cmake_args' from command line to 'None'
[2.458s] Level 5:colcon.colcon_core.verb:set package 'first_robot' build argument 'catkin_skip_building_tests' from command line to 'False'
[2.458s] DEBUG:colcon.colcon_core.verb:Building package 'first_robot' with the following arguments: {'ament_cmake_args': None, 'build_base': '/home/ghislain/TP_work/build/first_robot', 'catkin_cmake_args': None, 'catkin_skip_building_tests': False, 'cmake_args': None, 'cmake_clean_cache': False, 'cmake_clean_first': False, 'cmake_force_configure': False, 'cmake_target': None, 'cmake_target_skip_unavailable': False, 'install_base': '/home/ghislain/TP_work/install/first_robot', 'merge_install': False, 'path': '/home/ghislain/TP_work', 'symlink_install': False, 'test_result_base': None}
[2.458s] INFO:colcon.colcon_core.executor:Executing jobs using 'parallel' executor
[2.459s] DEBUG:colcon.colcon_parallel_executor.executor.parallel:run_until_complete
[2.459s] INFO:colcon.colcon_ros.task.ament_cmake.build:Building ROS package in '/home/ghislain/TP_work' with build type 'ament_cmake'
[2.460s] INFO:colcon.colcon_cmake.task.cmake.build:Building CMake package in '/home/ghislain/TP_work'
[2.462s] INFO:colcon.colcon_core.plugin_system:Skipping extension 'colcon_core.shell.bat': Not used on non-Windows systems
[2.462s] INFO:colcon.colcon_core.shell:Skip shell extension 'powershell' for command environment: Not usable outside of PowerShell
[2.462s] DEBUG:colcon.colcon_core.shell:Skip shell extension 'dsv' for command environment
[2.495s] DEBUG:colcon.colcon_core.event_handler.log_command:Invoking command in '/home/ghislain/TP_work/build/first_robot': CMAKE_PREFIX_PATH=${CMAKE_PREFIX_PATH}:/opt/ros/humble /usr/bin/cmake /home/ghislain/TP_work -DCMAKE_INSTALL_PREFIX=/home/ghislain/TP_work/install/first_robot
[3.336s] DEBUG:colcon.colcon_core.event_handler.log_command:Invoked command in '/home/ghislain/TP_work/build/first_robot' returned '0': CMAKE_PREFIX_PATH=${CMAKE_PREFIX_PATH}:/opt/ros/humble /usr/bin/cmake /home/ghislain/TP_work -DCMAKE_INSTALL_PREFIX=/home/ghislain/TP_work/install/first_robot
[3.338s] DEBUG:colcon.colcon_core.event_handler.log_command:Invoking command in '/home/ghislain/TP_work/build/first_robot': CMAKE_PREFIX_PATH=${CMAKE_PREFIX_PATH}:/opt/ros/humble /usr/bin/cmake --build /home/ghislain/TP_work/build/first_robot -- -j4 -l4
[3.396s] DEBUG:colcon.colcon_core.event_handler.log_command:Invoked command in '/home/ghislain/TP_work/build/first_robot' returned '0': CMAKE_PREFIX_PATH=${CMAKE_PREFIX_PATH}:/opt/ros/humble /usr/bin/cmake --build /home/ghislain/TP_work/build/first_robot -- -j4 -l4
[3.408s] DEBUG:colcon.colcon_core.event_handler.log_command:Invoking command in '/home/ghislain/TP_work/build/first_robot': CMAKE_PREFIX_PATH=${CMAKE_PREFIX_PATH}:/opt/ros/humble /usr/bin/cmake --install /home/ghislain/TP_work/build/first_robot
[3.434s] Level 1:colcon.colcon_core.environment:create_environment_scripts_only(first_robot)
[3.435s] DEBUG:colcon.colcon_core.event_handler.log_command:Invoked command in '/home/ghislain/TP_work/build/first_robot' returned '0': CMAKE_PREFIX_PATH=${CMAKE_PREFIX_PATH}:/opt/ros/humble /usr/bin/cmake --install /home/ghislain/TP_work/build/first_robot
[3.437s] Level 1:colcon.colcon_core.environment:checking '/home/ghislain/TP_work/install/first_robot' for CMake module files
[3.438s] Level 1:colcon.colcon_core.environment:checking '/home/ghislain/TP_work/install/first_robot' for CMake config files
[3.438s] Level 1:colcon.colcon_core.shell:create_environment_hook('first_robot', 'cmake_prefix_path')
[3.438s] INFO:colcon.colcon_core.shell:Creating environment hook '/home/ghislain/TP_work/install/first_robot/share/first_robot/hook/cmake_prefix_path.ps1'
[3.439s] INFO:colcon.colcon_core.shell:Creating environment descriptor '/home/ghislain/TP_work/install/first_robot/share/first_robot/hook/cmake_prefix_path.dsv'
[3.440s] INFO:colcon.colcon_core.shell:Creating environment hook '/home/ghislain/TP_work/install/first_robot/share/first_robot/hook/cmake_prefix_path.sh'
[3.441s] Level 1:colcon.colcon_core.environment:checking '/home/ghislain/TP_work/install/first_robot/bin'
[3.441s] Level 1:colcon.colcon_core.environment:checking '/home/ghislain/TP_work/install/first_robot/lib/pkgconfig/first_robot.pc'
[3.441s] Level 1:colcon.colcon_core.environment:checking '/home/ghislain/TP_work/install/first_robot/lib/python3.10/site-packages'
[3.441s] Level 1:colcon.colcon_core.environment:checking '/home/ghislain/TP_work/install/first_robot/bin'
[3.442s] INFO:colcon.colcon_core.shell:Creating package script '/home/ghislain/TP_work/install/first_robot/share/first_robot/package.ps1'
[3.443s] INFO:colcon.colcon_core.shell:Creating package descriptor '/home/ghislain/TP_work/install/first_robot/share/first_robot/package.dsv'
[3.443s] INFO:colcon.colcon_core.shell:Creating package script '/home/ghislain/TP_work/install/first_robot/share/first_robot/package.sh'
[3.444s] INFO:colcon.colcon_core.shell:Creating package script '/home/ghislain/TP_work/install/first_robot/share/first_robot/package.bash'
[3.445s] INFO:colcon.colcon_core.shell:Creating package script '/home/ghislain/TP_work/install/first_robot/share/first_robot/package.zsh'
[3.446s] Level 1:colcon.colcon_core.environment:create_file_with_runtime_dependencies(/home/ghislain/TP_work/install/first_robot/share/colcon-core/packages/first_robot)
[3.447s] Level 1:colcon.colcon_core.environment:create_environment_scripts_only(first_robot)
[3.447s] Level 1:colcon.colcon_core.environment:checking '/home/ghislain/TP_work/install/first_robot' for CMake module files
[3.448s] Level 1:colcon.colcon_core.environment:checking '/home/ghislain/TP_work/install/first_robot' for CMake config files
[3.448s] Level 1:colcon.colcon_core.shell:create_environment_hook('first_robot', 'cmake_prefix_path')
[3.448s] INFO:colcon.colcon_core.shell:Creating environment hook '/home/ghislain/TP_work/install/first_robot/share/first_robot/hook/cmake_prefix_path.ps1'
[3.449s] INFO:colcon.colcon_core.shell:Creating environment descriptor '/home/ghislain/TP_work/install/first_robot/share/first_robot/hook/cmake_prefix_path.dsv'
[3.449s] INFO:colcon.colcon_core.shell:Creating environment hook '/home/ghislain/TP_work/install/first_robot/share/first_robot/hook/cmake_prefix_path.sh'
[3.450s] Level 1:colcon.colcon_core.environment:checking '/home/ghislain/TP_work/install/first_robot/bin'
[3.450s] Level 1:colcon.colcon_core.environment:checking '/home/ghislain/TP_work/install/first_robot/lib/pkgconfig/first_robot.pc'
[3.450s] Level 1:colcon.colcon_core.environment:checking '/home/ghislain/TP_work/install/first_robot/lib/python3.10/site-packages'
[3.451s] Level 1:colcon.colcon_core.environment:checking '/home/ghislain/TP_work/install/first_robot/bin'
[3.451s] INFO:colcon.colcon_core.shell:Creating package script '/home/ghislain/TP_work/install/first_robot/share/first_robot/package.ps1'
[3.452s] INFO:colcon.colcon_core.shell:Creating package descriptor '/home/ghislain/TP_work/install/first_robot/share/first_robot/package.dsv'
[3.452s] INFO:colcon.colcon_core.shell:Creating package script '/home/ghislain/TP_work/install/first_robot/share/first_robot/package.sh'
[3.453s] INFO:colcon.colcon_core.shell:Creating package script '/home/ghislain/TP_work/install/first_robot/share/first_robot/package.bash'
[3.453s] INFO:colcon.colcon_core.shell:Creating package script '/home/ghislain/TP_work/install/first_robot/share/first_robot/package.zsh'
[3.454s] Level 1:colcon.colcon_core.environment:create_file_with_runtime_dependencies(/home/ghislain/TP_work/install/first_robot/share/colcon-core/packages/first_robot)
[3.454s] DEBUG:colcon.colcon_parallel_executor.executor.parallel:closing loop
[3.455s] DEBUG:colcon.colcon_parallel_executor.executor.parallel:loop closed
[3.455s] DEBUG:colcon.colcon_parallel_executor.executor.parallel:run_until_complete finished with '0'
[3.455s] DEBUG:colcon.colcon_core.event_reactor:joining thread
[3.478s] INFO:colcon.colcon_core.plugin_system:Skipping extension 'colcon_notification.desktop_notification.terminal_notifier': Not used on non-Darwin systems
[3.478s] INFO:colcon.colcon_core.plugin_system:Skipping extension 'colcon_notification.desktop_notification.win32': Not used on non-Windows systems
[3.478s] INFO:colcon.colcon_notification.desktop_notification:Sending desktop notification using 'notify2'
[3.492s] DEBUG:colcon.colcon_core.event_reactor:joined thread
[3.492s] INFO:colcon.colcon_core.shell:Creating prefix script '/home/ghislain/TP_work/install/local_setup.ps1'
[3.494s] INFO:colcon.colcon_core.shell:Creating prefix util module '/home/ghislain/TP_work/install/_local_setup_util_ps1.py'
[3.498s] INFO:colcon.colcon_core.shell:Creating prefix chain script '/home/ghislain/TP_work/install/setup.ps1'
[3.500s] INFO:colcon.colcon_core.shell:Creating prefix script '/home/ghislain/TP_work/install/local_setup.sh'
[3.501s] INFO:colcon.colcon_core.shell:Creating prefix util module '/home/ghislain/TP_work/install/_local_setup_util_sh.py'
[3.503s] INFO:colcon.colcon_core.shell:Creating prefix chain script '/home/ghislain/TP_work/install/setup.sh'
[3.505s] INFO:colcon.colcon_core.shell:Creating prefix script '/home/ghislain/TP_work/install/local_setup.bash'
[3.505s] INFO:colcon.colcon_core.shell:Creating prefix chain script '/home/ghislain/TP_work/install/setup.bash'
[3.507s] INFO:colcon.colcon_core.shell:Creating prefix script '/home/ghislain/TP_work/install/local_setup.zsh'
[3.508s] INFO:colcon.colcon_core.shell:Creating prefix chain script '/home/ghislain/TP_work/install/setup.zsh'
