[0.614s] Invoking command in '/home/ghislain/TP_work/build/first_robot': CMAKE_PREFIX_PATH=/opt/ros/humble /usr/bin/cmake --build /home/ghislain/TP_work/build/first_robot -- -j4 -l4
[5.218s] Invoked command in '/home/ghislain/TP_work/build/first_robot' returned '0': CMAKE_PREFIX_PATH=/opt/ros/humble /usr/bin/cmake --build /home/ghislain/TP_work/build/first_robot -- -j4 -l4
[5.229s] Invoking command in '/home/ghislain/TP_work/build/first_robot': CMAKE_PREFIX_PATH=/opt/ros/humble /usr/bin/cmake --install /home/ghislain/TP_work/build/first_robot
[5.274s] -- Install configuration: ""
[6.590s] -- Up-to-date: /home/ghislain/TP_work/install/first_robot/share/first_robot//launch
[6.590s] -- Up-to-date: /home/ghislain/TP_work/install/first_robot/share/first_robot//launch/launch
[6.591s] -- Up-to-date: /home/ghislain/TP_work/install/first_robot/share/first_robot//launch/launch/launch.py
[6.591s] -- Up-to-date: /home/ghislain/TP_work/install/first_robot/share/first_robot//config
[6.591s] -- Up-to-date: /home/ghislain/TP_work/install/first_robot/share/first_robot//config/bridge.yaml
[6.591s] -- Up-to-date: /home/ghislain/TP_work/install/first_robot/share/first_robot//description
[6.592s] -- Up-to-date: /home/ghislain/TP_work/install/first_robot/share/first_robot//description/camera.xacro
[6.592s] -- Up-to-date: /home/ghislain/TP_work/install/first_robot/share/first_robot//description/Inertial.xacro
[6.592s] -- Up-to-date: /home/ghislain/TP_work/install/first_robot/share/first_robot//description/Gazebo_control.xacro
[6.592s] -- Up-to-date: /home/ghislain/TP_work/install/first_robot/share/first_robot//description/robot.urdf.xacro
[6.592s] -- Up-to-date: /home/ghislain/TP_work/install/first_robot/share/first_robot//description/gps.xacro
[6.593s] -- Installing: /home/ghislain/TP_work/install/first_robot/share/first_robot//description/building_robot.xacro
[6.593s] -- Up-to-date: /home/ghislain/TP_work/install/first_robot/share/first_robot//description/lidar.xacro
[6.593s] -- Up-to-date: /home/ghislain/TP_work/install/first_robot/share/first_robot//worlds
[6.593s] -- Up-to-date: /home/ghislain/TP_work/install/first_robot/share/first_robot//worlds/World.world
[6.593s] -- Up-to-date: /home/ghislain/TP_work/install/first_robot/share/ament_index/resource_index/package_run_dependencies/first_robot
[6.593s] -- Up-to-date: /home/ghislain/TP_work/install/first_robot/share/ament_index/resource_index/parent_prefix_path/first_robot
[6.593s] -- Up-to-date: /home/ghislain/TP_work/install/first_robot/share/first_robot/environment/ament_prefix_path.sh
[6.593s] -- Up-to-date: /home/ghislain/TP_work/install/first_robot/share/first_robot/environment/ament_prefix_path.dsv
[6.593s] -- Up-to-date: /home/ghislain/TP_work/install/first_robot/share/first_robot/environment/path.sh
[6.593s] -- Up-to-date: /home/ghislain/TP_work/install/first_robot/share/first_robot/environment/path.dsv
[6.594s] -- Up-to-date: /home/ghislain/TP_work/install/first_robot/share/first_robot/local_setup.bash
[6.594s] -- Up-to-date: /home/ghislain/TP_work/install/first_robot/share/first_robot/local_setup.sh
[6.594s] -- Up-to-date: /home/ghislain/TP_work/install/first_robot/share/first_robot/local_setup.zsh
[6.594s] -- Up-to-date: /home/ghislain/TP_work/install/first_robot/share/first_robot/local_setup.dsv
[6.594s] -- Installing: /home/ghislain/TP_work/install/first_robot/share/first_robot/package.dsv
[6.814s] -- Up-to-date: /home/ghislain/TP_work/install/first_robot/share/ament_index/resource_index/packages/first_robot
[6.814s] -- Up-to-date: /home/ghislain/TP_work/install/first_robot/share/first_robot/cmake/first_robotConfig.cmake
[6.815s] -- Up-to-date: /home/ghislain/TP_work/install/first_robot/share/first_robot/cmake/first_robotConfig-version.cmake
[6.815s] -- Up-to-date: /home/ghislain/TP_work/install/first_robot/share/first_robot/package.xml
[7.081s] Invoked command in '/home/ghislain/TP_work/build/first_robot' returned '0': CMAKE_PREFIX_PATH=/opt/ros/humble /usr/bin/cmake --install /home/ghislain/TP_work/build/first_robot
