[0.049s] Invoking command in '/home/ghislain/TP_work/build/first_robot': CMAKE_PREFIX_PATH=${CMAKE_PREFIX_PATH}:/opt/ros/humble /usr/bin/cmake --build /home/ghislain/TP_work/build/first_robot -- -j4 -l4
[0.128s] Invoked command in '/home/ghislain/TP_work/build/first_robot' returned '0': CMAKE_PREFIX_PATH=${CMAKE_PREFIX_PATH}:/opt/ros/humble /usr/bin/cmake --build /home/ghislain/TP_work/build/first_robot -- -j4 -l4
[0.155s] Invoking command in '/home/ghislain/TP_work/build/first_robot': CMAKE_PREFIX_PATH=${CMAKE_PREFIX_PATH}:/opt/ros/humble /usr/bin/cmake --install /home/ghislain/TP_work/build/first_robot
[0.164s] -- Install configuration: ""
[0.164s] -- Up-to-date: /home/ghislain/TP_work/install/first_robot/share/first_robot//launch
[0.167s] -- Up-to-date: /home/ghislain/TP_work/install/first_robot/share/first_robot//launch/launch
[0.168s] -- Up-to-date: /home/ghislain/TP_work/install/first_robot/share/first_robot//launch/launch/launch.py
[0.170s] -- Up-to-date: /home/ghislain/TP_work/install/first_robot/share/first_robot//config
[0.171s] -- Up-to-date: /home/ghislain/TP_work/install/first_robot/share/first_robot//config/bridge.yaml
[0.171s] -- Up-to-date: /home/ghislain/TP_work/install/first_robot/share/first_robot//description
[0.172s] -- Up-to-date: /home/ghislain/TP_work/install/first_robot/share/first_robot//description/camera.xacro
[0.173s] -- Up-to-date: /home/ghislain/TP_work/install/first_robot/share/first_robot//description/Inertial.xacro
[0.174s] -- Up-to-date: /home/ghislain/TP_work/install/first_robot/share/first_robot//description/Gazebo_control.xacro
[0.174s] -- Up-to-date: /home/ghislain/TP_work/install/first_robot/share/first_robot//description/robot.urdf.xacro
[0.174s] -- Up-to-date: /home/ghislain/TP_work/install/first_robot/share/first_robot//description/gps.xacro
[0.175s] -- Up-to-date: /home/ghislain/TP_work/install/first_robot/share/first_robot//description/building_robot.xacro
[0.175s] -- Installing: /home/ghislain/TP_work/install/first_robot/share/first_robot//description/lidar.xacro
[0.176s] -- Up-to-date: /home/ghislain/TP_work/install/first_robot/share/first_robot//worlds
[0.176s] -- Up-to-date: /home/ghislain/TP_work/install/first_robot/share/first_robot//worlds/World.world
[0.177s] -- Up-to-date: /home/ghislain/TP_work/install/first_robot/share/ament_index/resource_index/package_run_dependencies/first_robot
[0.177s] -- Up-to-date: /home/ghislain/TP_work/install/first_robot/share/ament_index/resource_index/parent_prefix_path/first_robot
[0.177s] -- Up-to-date: /home/ghislain/TP_work/install/first_robot/share/first_robot/environment/ament_prefix_path.sh
[0.178s] -- Up-to-date: /home/ghislain/TP_work/install/first_robot/share/first_robot/environment/ament_prefix_path.dsv
[0.179s] -- Up-to-date: /home/ghislain/TP_work/install/first_robot/share/first_robot/environment/path.sh
[0.180s] -- Up-to-date: /home/ghislain/TP_work/install/first_robot/share/first_robot/environment/path.dsv
[0.180s] -- Up-to-date: /home/ghislain/TP_work/install/first_robot/share/first_robot/local_setup.bash
[0.180s] -- Up-to-date: /home/ghislain/TP_work/install/first_robot/share/first_robot/local_setup.sh
[0.180s] -- Up-to-date: /home/ghislain/TP_work/install/first_robot/share/first_robot/local_setup.zsh
[0.180s] -- Up-to-date: /home/ghislain/TP_work/install/first_robot/share/first_robot/local_setup.dsv
[0.180s] -- Installing: /home/ghislain/TP_work/install/first_robot/share/first_robot/package.dsv
[0.180s] -- Up-to-date: /home/ghislain/TP_work/install/first_robot/share/ament_index/resource_index/packages/first_robot
[0.181s] -- Up-to-date: /home/ghislain/TP_work/install/first_robot/share/first_robot/cmake/first_robotConfig.cmake
[0.181s] -- Up-to-date: /home/ghislain/TP_work/install/first_robot/share/first_robot/cmake/first_robotConfig-version.cmake
[0.181s] -- Up-to-date: /home/ghislain/TP_work/install/first_robot/share/first_robot/package.xml
[0.181s] Invoked command in '/home/ghislain/TP_work/build/first_robot' returned '0': CMAKE_PREFIX_PATH=${CMAKE_PREFIX_PATH}:/opt/ros/humble /usr/bin/cmake --install /home/ghislain/TP_work/build/first_robot
